
Discarded input sections

 .data          0x0000000000000000        0x0 build/obj/crt0_v7m.o
 .bss           0x0000000000000000        0x0 build/obj/crt0_v7m.o
 .data          0x0000000000000000        0x0 build/obj/chcoreasm_v7m.o
 .bss           0x0000000000000000        0x0 build/obj/chcoreasm_v7m.o
 .text          0x0000000000000000        0x0 build/obj/crt1.o (symbol from plugin)
 .text          0x0000000000000000        0x0 /tmp/cct2mvh4.ltrans0.ltrans.o
 .data          0x0000000000000000        0x0 /tmp/cct2mvh4.ltrans0.ltrans.o
 .bss           0x0000000000000000        0x0 /tmp/cct2mvh4.ltrans0.ltrans.o
 .text          0x0000000000000000        0x0 /tmp/cct2mvh4.ltrans1.ltrans.o
 .data          0x0000000000000000        0x0 /tmp/cct2mvh4.ltrans1.ltrans.o
 .bss           0x0000000000000000        0x0 /tmp/cct2mvh4.ltrans1.ltrans.o
 .text          0x0000000000000000        0x0 /tmp/cct2mvh4.ltrans2.ltrans.o
 .data          0x0000000000000000        0x0 /tmp/cct2mvh4.ltrans2.ltrans.o
 .bss           0x0000000000000000        0x0 /tmp/cct2mvh4.ltrans2.ltrans.o
 .text          0x0000000000000000        0x0 /tmp/cct2mvh4.ltrans3.ltrans.o
 .data          0x0000000000000000        0x0 /tmp/cct2mvh4.ltrans3.ltrans.o
 .bss           0x0000000000000000        0x0 /tmp/cct2mvh4.ltrans3.ltrans.o
 .text          0x0000000000000000        0x0 /tmp/cct2mvh4.ltrans4.ltrans.o
 .data          0x0000000000000000        0x0 /tmp/cct2mvh4.ltrans4.ltrans.o
 .bss           0x0000000000000000        0x0 /tmp/cct2mvh4.ltrans4.ltrans.o
 .text          0x0000000000000000        0x0 /tmp/cct2mvh4.ltrans5.ltrans.o
 .data          0x0000000000000000        0x0 /tmp/cct2mvh4.ltrans5.ltrans.o
 .bss           0x0000000000000000        0x0 /tmp/cct2mvh4.ltrans5.ltrans.o
 .text          0x0000000000000000        0x0 /tmp/cct2mvh4.ltrans6.ltrans.o
 .data          0x0000000000000000        0x0 /tmp/cct2mvh4.ltrans6.ltrans.o
 .bss           0x0000000000000000        0x0 /tmp/cct2mvh4.ltrans6.ltrans.o
 .text          0x0000000000000000        0x0 /tmp/cct2mvh4.ltrans7.ltrans.o
 .data          0x0000000000000000        0x0 /tmp/cct2mvh4.ltrans7.ltrans.o
 .bss           0x0000000000000000        0x0 /tmp/cct2mvh4.ltrans7.ltrans.o
 .text          0x0000000000000000        0x0 build/obj/vectors.o (symbol from plugin)
 .text          0x0000000000000000        0x0 build/obj/chsys.o (symbol from plugin)
 .text          0x0000000000000000        0x0 build/obj/chdebug.o (symbol from plugin)
 .text          0x0000000000000000        0x0 build/obj/chvt.o (symbol from plugin)
 .text          0x0000000000000000        0x0 build/obj/chschd.o (symbol from plugin)
 .text          0x0000000000000000        0x0 build/obj/chthreads.o (symbol from plugin)
 .text          0x0000000000000000        0x0 build/obj/chtm.o (symbol from plugin)
 .text          0x0000000000000000        0x0 build/obj/chdynamic.o (symbol from plugin)
 .text          0x0000000000000000        0x0 build/obj/chregistry.o (symbol from plugin)
 .text          0x0000000000000000        0x0 build/obj/chsem.o (symbol from plugin)
 .text          0x0000000000000000        0x0 build/obj/chmtx.o (symbol from plugin)
 .text          0x0000000000000000        0x0 build/obj/chcond.o (symbol from plugin)
 .text          0x0000000000000000        0x0 build/obj/chevents.o (symbol from plugin)
 .text          0x0000000000000000        0x0 build/obj/chmsg.o (symbol from plugin)
 .text          0x0000000000000000        0x0 build/obj/chmboxes.o (symbol from plugin)
 .text          0x0000000000000000        0x0 build/obj/chqueues.o (symbol from plugin)
 .text          0x0000000000000000        0x0 build/obj/chmemcore.o (symbol from plugin)
 .text          0x0000000000000000        0x0 build/obj/chheap.o (symbol from plugin)
 .text          0x0000000000000000        0x0 build/obj/chmempools.o (symbol from plugin)
 .text          0x0000000000000000        0x0 build/obj/chcore.o (symbol from plugin)
 .text          0x0000000000000000        0x0 build/obj/chcore_v7m.o (symbol from plugin)
 .text          0x0000000000000000        0x0 build/obj/osal.o (symbol from plugin)
 .text          0x0000000000000000        0x0 build/obj/hal.o (symbol from plugin)
 .text          0x0000000000000000        0x0 build/obj/st.o (symbol from plugin)
 .text          0x0000000000000000        0x0 build/obj/hal_buffers.o (symbol from plugin)
 .text          0x0000000000000000        0x0 build/obj/hal_queues.o (symbol from plugin)
 .text          0x0000000000000000        0x0 build/obj/hal_mmcsd.o (symbol from plugin)
 .text          0x0000000000000000        0x0 build/obj/i2c.o (symbol from plugin)
 .text          0x0000000000000000        0x0 build/obj/pal.o (symbol from plugin)
 .text          0x0000000000000000        0x0 build/obj/serial.o (symbol from plugin)
 .text          0x0000000000000000        0x0 build/obj/uart.o (symbol from plugin)
[...]
Memory Configuration

Name             Origin             Length             Attributes
flash            0x0000000008000000 0x0000000000020000
ram0             0x0000000020000000 0x0000000000005000
ram1             0x0000000000000000 0x0000000000000000
ram2             0x0000000000000000 0x0000000000000000
ram3             0x0000000000000000 0x0000000000000000
ram4             0x0000000000000000 0x0000000000000000
ram5             0x0000000000000000 0x0000000000000000
ram6             0x0000000000000000 0x0000000000000000
ram7             0x0000000000000000 0x0000000000000000
*default*        0x0000000000000000 0xffffffffffffffff

Linker script and memory map

LOAD build/obj/crt0_v7m.o
LOAD build/obj/chcoreasm_v7m.o
LOAD build/obj/crt1.o
LOAD /tmp/cct2mvh4.ltrans0.ltrans.o
LOAD /tmp/cct2mvh4.ltrans1.ltrans.o
LOAD /tmp/cct2mvh4.ltrans2.ltrans.o
LOAD /tmp/cct2mvh4.ltrans3.ltrans.o
LOAD /tmp/cct2mvh4.ltrans4.ltrans.o
LOAD /tmp/cct2mvh4.ltrans5.ltrans.o
LOAD /tmp/cct2mvh4.ltrans6.ltrans.o
LOAD /tmp/cct2mvh4.ltrans7.ltrans.o
LOAD build/obj/vectors.o
LOAD build/obj/chsys.o
LOAD build/obj/chdebug.o
LOAD build/obj/chvt.o
LOAD build/obj/chschd.o
LOAD build/obj/chthreads.o
LOAD build/obj/chtm.o
LOAD build/obj/chdynamic.o
LOAD build/obj/chregistry.o
LOAD build/obj/chsem.o
LOAD build/obj/chmtx.o
LOAD build/obj/chcond.o
LOAD build/obj/chevents.o
LOAD build/obj/chmsg.o
LOAD build/obj/chmboxes.o
LOAD build/obj/chqueues.o
LOAD build/obj/chmemcore.o
LOAD build/obj/chheap.o
LOAD build/obj/chmempools.o
LOAD build/obj/chcore.o
LOAD build/obj/chcore_v7m.o
LOAD build/obj/osal.o
LOAD build/obj/hal.o
LOAD build/obj/st.o
LOAD build/obj/hal_buffers.o
LOAD build/obj/hal_queues.o
LOAD build/obj/hal_mmcsd.o
LOAD build/obj/i2c.o
LOAD build/obj/pal.o
LOAD build/obj/serial.o
LOAD build/obj/uart.o
LOAD build/obj/nvic.o
LOAD build/obj/hal_lld.o
LOAD build/obj/stm32_dma.o
LOAD build/obj/st_lld.o
LOAD build/obj/pal_lld.o
LOAD build/obj/i2c_lld.o
LOAD build/obj/serial_lld.o
LOAD build/obj/uart_lld.o
LOAD build/obj/board.o
LOAD build/obj/test.o
LOAD build/obj/testthd.o
LOAD build/obj/testsem.o
LOAD build/obj/testmtx.o
LOAD build/obj/testmsg.o
LOAD build/obj/testmbox.o
LOAD build/obj/testevt.o
LOAD build/obj/testheap.o
LOAD build/obj/testpools.o
LOAD build/obj/testdyn.o
LOAD build/obj/testqueues.o
LOAD build/obj/testsys.o
LOAD build/obj/testbmk.o
LOAD build/obj/main.o
                0x0000000020000000                __ram0_start__ = ORIGIN (ram0)
                0x0000000000005000                __ram0_size__ = LENGTH (ram0)
                0x0000000020005000                __ram0_end__ = (__ram0_start__ + __ram0_size__)
                0x0000000000000000                __ram1_start__ = ORIGIN (ram1)
                0x0000000000000000                __ram1_size__ = LENGTH (ram1)
                0x0000000000000000                __ram1_end__ = (__ram1_start__ + __ram1_size__)
                0x0000000000000000                __ram2_start__ = ORIGIN (ram2)
                0x0000000000000000                __ram2_size__ = LENGTH (ram2)
                0x0000000000000000                __ram2_end__ = (__ram2_start__ + __ram2_size__)
                0x0000000000000000                __ram3_start__ = ORIGIN (ram3)
                0x0000000000000000                __ram3_size__ = LENGTH (ram3)
                0x0000000000000000                __ram3_end__ = (__ram3_start__ + __ram3_size__)
                0x0000000000000000                __ram4_start__ = ORIGIN (ram4)
                0x0000000000000000                __ram4_size__ = LENGTH (ram4)
                0x0000000000000000                __ram4_end__ = (__ram4_start__ + __ram4_size__)
                0x0000000000000000                __ram5_start__ = ORIGIN (ram5)
                0x0000000000000000                __ram5_size__ = LENGTH (ram5)
                0x0000000000000000                __ram5_end__ = (__ram5_start__ + __ram5_size__)
                0x0000000000000000                __ram6_start__ = ORIGIN (ram6)
                0x0000000000000000                __ram6_size__ = LENGTH (ram6)
                0x0000000000000000                __ram6_end__ = (__ram6_start__ + __ram6_size__)
                0x0000000000000000                __ram7_start__ = ORIGIN (ram7)
                0x0000000000000000                __ram7_size__ = LENGTH (ram7)
                0x0000000000000000                __ram7_end__ = (__ram7_start__ + __ram7_size__)
                0x0000000000000000                . = 0x0
                0x0000000000000000                _text = .

startup         0x0000000008000000      0x160
 *(.vectors)
 .vectors       0x0000000008000000      0x160 /tmp/cct2mvh4.ltrans2.ltrans.o
                0x0000000008000000                _vectors

constructors    0x0000000008000160        0x0
                0x0000000008000160                __init_array_start = .
 *(SORT(.init_array.*))
 *(.init_array)
                0x0000000008000160                __init_array_end = .

destructors     0x0000000008000160        0x0
                0x0000000008000160                __fini_array_start = .
 *(.fini_array)
 *(SORT(.fini_array.*))
                0x0000000008000160                __fini_array_end = .

.text           0x0000000008000160     0x6c6c
 *(.text)
 .text          0x0000000008000160       0xc4 build/obj/crt0_v7m.o
                0x0000000008000160                Reset_Handler
 *fill*         0x0000000008000224        0xc 
 .text          0x0000000008000230       0x28 build/obj/chcoreasm_v7m.o
                0x0000000008000230                _port_switch
                0x0000000008000240                _port_thread_start
                0x0000000008000250                _port_switch_from_isr
                0x0000000008000254                _port_exit_from_isr
 *(.text.*)
 *fill*         0x0000000008000258        0x8 
 .text.mtx5_setup.lto_priv.98
                0x0000000008000260       0x10 /tmp/cct2mvh4.ltrans0.ltrans.o
                0x0000000008000260                mtx5_setup.lto_priv.98
 .text.mtx4_setup.lto_priv.96
                0x0000000008000270       0x1c /tmp/cct2mvh4.ltrans0.ltrans.o
                0x0000000008000270                mtx4_setup.lto_priv.96
 *fill*         0x000000000800028c        0x4 
 .text.mtx1_setup.lto_priv.94
                0x0000000008000290       0x10 /tmp/cct2mvh4.ltrans0.ltrans.o
                0x0000000008000290                mtx1_setup.lto_priv.94
 .text.sem3_setup.lto_priv.91
                0x00000000080002a0       0x10 /tmp/cct2mvh4.ltrans0.ltrans.o
                0x00000000080002a0                sem3_setup.lto_priv.91
 .text.sem2_setup.lto_priv.89
                0x00000000080002b0       0x10 /tmp/cct2mvh4.ltrans0.ltrans.o
                0x00000000080002b0                sem2_setup.lto_priv.89
 .text.sem1_setup.lto_priv.87
                0x00000000080002c0       0x10 /tmp/cct2mvh4.ltrans0.ltrans.o
                0x00000000080002c0                sem1_setup.lto_priv.87
 .text.mtx4_execute.lto_priv.97
                0x00000000080002d0      0x248 /tmp/cct2mvh4.ltrans0.ltrans.o
                0x00000000080002d0                mtx4_execute.lto_priv.97
 *fill*         0x0000000008000518        0x8 
 .text.thread4a
                0x0000000008000520       0x20 /tmp/cct2mvh4.ltrans0.ltrans.o
 .text.thread4b
                0x0000000008000540       0x20 /tmp/cct2mvh4.ltrans0.ltrans.o
 .text.mtx1_execute.lto_priv.95
                0x0000000008000560       0xe4 /tmp/cct2mvh4.ltrans0.ltrans.o
                0x0000000008000560                mtx1_execute.lto_priv.95
 *fill*         0x0000000008000644        0xc 
 .text.thd1_execute.lto_priv.83
                0x0000000008000650       0xc8 /tmp/cct2mvh4.ltrans0.ltrans.o
                0x0000000008000650                thd1_execute.lto_priv.83
 *fill*         0x0000000008000718        0x8 
 .text.thread1.lto_priv.163
                0x0000000008000720       0x20 /tmp/cct2mvh4.ltrans0.ltrans.o
 .text.thread1.lto_priv.162
                0x0000000008000740       0x18 /tmp/cct2mvh4.ltrans0.ltrans.o
 *fill*         0x0000000008000758        0x8 
 .text.thread4  0x0000000008000760       0x2c /tmp/cct2mvh4.ltrans0.ltrans.o
 *fill*         0x000000000800078c        0x4 
 .text.thread2  0x0000000008000790       0x24 /tmp/cct2mvh4.ltrans0.ltrans.o
 *fill*         0x00000000080007b4        0xc 
 .text.sem4_execute.lto_priv.93
                0x00000000080007c0      0x158 /tmp/cct2mvh4.ltrans0.ltrans.o
                0x00000000080007c0                sem4_execute.lto_priv.93
 *fill*         0x0000000008000918        0x8 
 .text.sem3_execute.lto_priv.92
                0x0000000008000920       0x90 /tmp/cct2mvh4.ltrans0.ltrans.o
                0x0000000008000920                sem3_execute.lto_priv.92
 .text.thread3  0x00000000080009b0       0x18 /tmp/cct2mvh4.ltrans0.ltrans.o
 *fill*         0x00000000080009c8        0x8 
 .text.sem2_execute.lto_priv.90
                0x00000000080009d0      0x178 /tmp/cct2mvh4.ltrans0.ltrans.o
                0x00000000080009d0                sem2_execute.lto_priv.90
 *fill*         0x0000000008000b48        0x8 
 .text.sem1_execute.lto_priv.88
                0x0000000008000b50      0x16c /tmp/cct2mvh4.ltrans0.ltrans.o
                0x0000000008000b50                sem1_execute.lto_priv.88
 *fill*         0x0000000008000cbc        0x4 
 .text.thd2_execute.lto_priv.84
                0x0000000008000cc0      0x150 /tmp/cct2mvh4.ltrans0.ltrans.o
                0x0000000008000cc0                thd2_execute.lto_priv.84
 .text.thd4_execute.lto_priv.86
                0x0000000008000e10       0xc8 /tmp/cct2mvh4.ltrans0.ltrans.o
                0x0000000008000e10                thd4_execute.lto_priv.86
 *fill*         0x0000000008000ed8        0x8 
 .text.thd3_execute.lto_priv.85
                0x0000000008000ee0      0x12c /tmp/cct2mvh4.ltrans0.ltrans.o
                0x0000000008000ee0                thd3_execute.lto_priv.85
 *fill*         0x000000000800100c        0x4 
 .text.chTMStartMeasurementX.constprop.66
                0x0000000008001010        0xc /tmp/cct2mvh4.ltrans1.ltrans.o
 *fill*         0x000000000800101c        0x4 
 .text.Thread1  0x0000000008001020       0xa4 /tmp/cct2mvh4.ltrans1.ltrans.o
 *fill*         0x00000000080010c4        0xc 
 .text.bmk13_execute
                0x00000000080010d0       0xec /tmp/cct2mvh4.ltrans1.ltrans.o
 *fill*         0x00000000080011bc        0x4 
 .text.chThdCreateFromHeap.constprop.63
                0x00000000080011c0       0x94 /tmp/cct2mvh4.ltrans1.ltrans.o
                0x00000000080011c0                chThdCreateFromHeap.constprop.63
 *fill*         0x0000000008001254        0xc 
 .text.chThdCreateFromMemoryPool.constprop.62
                0x0000000008001260       0x9c /tmp/cct2mvh4.ltrans1.ltrans.o
                0x0000000008001260                chThdCreateFromMemoryPool.constprop.62
 *fill*         0x00000000080012fc        0x4 
 .text.chSemSignalWait.constprop.58
                0x0000000008001300       0x68 /tmp/cct2mvh4.ltrans1.ltrans.o
                0x0000000008001300                chSemSignalWait.constprop.58
 *fill*         0x0000000008001368        0x8 
 .text.chCondSignal.constprop.54
                0x0000000008001370       0x28 /tmp/cct2mvh4.ltrans1.ltrans.o
                0x0000000008001370                chCondSignal.constprop.54
 *fill*         0x0000000008001398        0x8 
 .text.chCondSignalI.constprop.53
                0x00000000080013a0       0x24 /tmp/cct2mvh4.ltrans1.ltrans.o
                0x00000000080013a0                chCondSignalI.constprop.53
 *fill*         0x00000000080013c4        0xc 
 .text.chEvtGetAndClearEvents.constprop.45
                0x00000000080013d0       0x1c /tmp/cct2mvh4.ltrans1.ltrans.o
                0x00000000080013d0                chEvtGetAndClearEvents.constprop.45
 *fill*         0x00000000080013ec        0x4 
 .text.chEvtWaitOne.constprop.41
                0x00000000080013f0       0x34 /tmp/cct2mvh4.ltrans1.ltrans.o
                0x00000000080013f0                chEvtWaitOne.constprop.41
 *fill*         0x0000000008001424        0xc 
 .text.unlikely.chEvtWaitAny.constprop.40
                0x0000000008001430       0x34 /tmp/cct2mvh4.ltrans1.ltrans.o
                0x0000000008001430                chEvtWaitAny.constprop.40
 *fill*         0x0000000008001464        0xc 
 .text.chMBPost.constprop.26
                0x0000000008001470       0x48 /tmp/cct2mvh4.ltrans1.ltrans.o
                0x0000000008001470                chMBPost.constprop.26
 *fill*         0x00000000080014b8        0x8 
 .text.chMBPostI.constprop.25
                0x00000000080014c0       0x3c /tmp/cct2mvh4.ltrans1.ltrans.o
                0x00000000080014c0                chMBPostI.constprop.25
 *fill*         0x00000000080014fc        0x4 
 .text.chMBPostAhead.constprop.24
                0x0000000008001500       0x4c /tmp/cct2mvh4.ltrans1.ltrans.o
                0x0000000008001500                chMBPostAhead.constprop.24
 *fill*         0x000000000800154c        0x4 
 .text.chMBPostAheadI.constprop.23
                0x0000000008001550       0x3c /tmp/cct2mvh4.ltrans1.ltrans.o
                0x0000000008001550                chMBPostAheadI.constprop.23
 *fill*         0x000000000800158c        0x4 
 .text.unlikely.chMBFetch.constprop.22
                0x0000000008001590       0x4c /tmp/cct2mvh4.ltrans1.ltrans.o
                0x0000000008001590                chMBFetch.constprop.22
 *fill*         0x00000000080015dc        0x4 
 .text.unlikely.chMBFetchI.constprop.21
                0x00000000080015e0       0x3c /tmp/cct2mvh4.ltrans1.ltrans.o
                0x00000000080015e0                chMBFetchI.constprop.21
 *fill*         0x000000000800161c        0x4 
 .text.test_start_timer.constprop.2
                0x0000000008001620       0x3c /tmp/cct2mvh4.ltrans1.ltrans.o
                0x0000000008001620                test_start_timer.constprop.2
 *fill*         0x000000000800165c        0x4 
 .text.startup.main
                0x0000000008001660      0x700 /tmp/cct2mvh4.ltrans1.ltrans.o
                0x0000000008001660                main
 .text.tmr.lto_priv.69
                0x0000000008001d60        0xc /tmp/cct2mvh4.ltrans2.ltrans.o
                0x0000000008001d60                tmr.lto_priv.69
 *fill*         0x0000000008001d6c        0x4 
 .text.notify3.lto_priv.71
                0x0000000008001d70       0x10 /tmp/cct2mvh4.ltrans2.ltrans.o
                0x0000000008001d70                notify3.lto_priv.71
 .text._port_irq_epilogue
                0x0000000008001d80       0x54 /tmp/cct2mvh4.ltrans2.ltrans.o
 *fill*         0x0000000008001dd4        0xc 
 .text.VectorD4
                0x0000000008001de0       0x7c /tmp/cct2mvh4.ltrans2.ltrans.o
 *fill*         0x0000000008001e5c        0x4 
 .text.VectorB0
                0x0000000008001e60       0xa0 /tmp/cct2mvh4.ltrans2.ltrans.o
 .text.Vector84
                0x0000000008001f00       0x30 /tmp/cct2mvh4.ltrans2.ltrans.o
 .text.Vector80
                0x0000000008001f30       0x30 /tmp/cct2mvh4.ltrans2.ltrans.o
 .text.Vector7C
                0x0000000008001f60       0x30 /tmp/cct2mvh4.ltrans2.ltrans.o
 .text.Vector78
                0x0000000008001f90       0x30 /tmp/cct2mvh4.ltrans2.ltrans.o
 .text.Vector74
                0x0000000008001fc0       0x30 /tmp/cct2mvh4.ltrans2.ltrans.o
 .text.Vector70
                0x0000000008001ff0       0x30 /tmp/cct2mvh4.ltrans2.ltrans.o
 .text.Vector6C
                0x0000000008002020       0x28 /tmp/cct2mvh4.ltrans2.ltrans.o
 *fill*         0x0000000008002048        0x8 
 .text.SVC_Handler
                0x0000000008002050       0x14 /tmp/cct2mvh4.ltrans2.ltrans.o
 *fill*         0x0000000008002064        0xc 
 .text.chCoreAlloc
                0x0000000008002070       0x38 /tmp/cct2mvh4.ltrans2.ltrans.o
                0x0000000008002070                chCoreAlloc
 *fill*         0x00000000080020a8        0x8 
 .text.VectorBC
                0x00000000080020b0       0xfc /tmp/cct2mvh4.ltrans2.ltrans.o
 *fill*         0x00000000080021ac        0x4 
 .text.VectorC0
                0x00000000080021b0       0xe8 /tmp/cct2mvh4.ltrans2.ltrans.o
 *fill*         0x0000000008002298        0x8 
 .text.readt.lto_priv.79
                0x00000000080022a0        0x8 /tmp/cct2mvh4.ltrans2.ltrans.o
                0x00000000080022a0                readt.lto_priv.79
 *fill*         0x00000000080022a8        0x8 
 .text.read.lto_priv.73
                0x00000000080022b0        0xc /tmp/cct2mvh4.ltrans2.ltrans.o
                0x00000000080022b0                read.lto_priv.73
 *fill*         0x00000000080022bc        0x4 
 .text.gett.lto_priv.77
                0x00000000080022c0        0x8 /tmp/cct2mvh4.ltrans2.ltrans.o
                0x00000000080022c0                gett.lto_priv.77
 *fill*         0x00000000080022c8        0x8 
 .text.get.lto_priv.75
                0x00000000080022d0        0xc /tmp/cct2mvh4.ltrans2.ltrans.o
                0x00000000080022d0                get.lto_priv.75
 *fill*         0x00000000080022dc        0x4 
 .text.print_line.lto_priv.144
                0x00000000080022e0       0x30 /tmp/cct2mvh4.ltrans2.ltrans.o
                0x00000000080022e0                print_line.lto_priv.144
 .text.test_wait_tick
                0x0000000008002310       0x20 /tmp/cct2mvh4.ltrans2.ltrans.o
                0x0000000008002310                test_wait_tick
 .text.test_wait_threads
                0x0000000008002330       0x24 /tmp/cct2mvh4.ltrans2.ltrans.o
                0x0000000008002330                test_wait_threads
 *fill*         0x0000000008002354        0xc 
 .text.test_terminate_threads
                0x0000000008002360       0x30 /tmp/cct2mvh4.ltrans2.ltrans.o
                0x0000000008002360                test_terminate_threads
 .text._test_assert_time_window
                0x0000000008002390       0x44 /tmp/cct2mvh4.ltrans2.ltrans.o
                0x0000000008002390                _test_assert_time_window
 *fill*         0x00000000080023d4        0xc 
 .text._test_assert_sequence
                0x00000000080023e0       0x50 /tmp/cct2mvh4.ltrans2.ltrans.o
                0x00000000080023e0                _test_assert_sequence
 .text._test_assert
                0x0000000008002430       0x2c /tmp/cct2mvh4.ltrans2.ltrans.o
                0x0000000008002430                _test_assert
 *fill*         0x000000000800245c        0x4 
 .text.test_emit_token
                0x0000000008002460       0x24 /tmp/cct2mvh4.ltrans2.ltrans.o
                0x0000000008002460                test_emit_token
 *fill*         0x0000000008002484        0xc 
 .text.thread.lto_priv.165
                0x0000000008002490        0x8 /tmp/cct2mvh4.ltrans2.ltrans.o
                0x0000000008002490                thread.lto_priv.165
 *fill*         0x0000000008002498        0x8 
 .text.test_println
                0x00000000080024a0       0x34 /tmp/cct2mvh4.ltrans2.ltrans.o
                0x00000000080024a0                test_println
 *fill*         0x00000000080024d4        0xc 
 .text.test_print
                0x00000000080024e0       0x20 /tmp/cct2mvh4.ltrans2.ltrans.o
                0x00000000080024e0                test_print
 .text.test_printn
                0x0000000008002500       0x5c /tmp/cct2mvh4.ltrans2.ltrans.o
                0x0000000008002500                test_printn
 *fill*         0x000000000800255c        0x4 
 .text.__early_init
                0x0000000008002560       0x78 /tmp/cct2mvh4.ltrans2.ltrans.o
                0x0000000008002560                __early_init
 *fill*         0x00000000080025d8        0x8 
 .text.chPoolAlloc
                0x00000000080025e0       0x2c /tmp/cct2mvh4.ltrans2.ltrans.o
                0x00000000080025e0                chPoolAlloc
 *fill*         0x000000000800260c        0x4 
 .text.chHeapStatus
                0x0000000008002610       0x44 /tmp/cct2mvh4.ltrans2.ltrans.o
                0x0000000008002610                chHeapStatus
 *fill*         0x0000000008002654        0xc 
 .text.chHeapFree
                0x0000000008002660       0x90 /tmp/cct2mvh4.ltrans2.ltrans.o
                0x0000000008002660                chHeapFree
 .text.chHeapAlloc
                0x00000000080026f0       0x8c /tmp/cct2mvh4.ltrans2.ltrans.o
                0x00000000080026f0                chHeapAlloc
 *fill*         0x000000000800277c        0x4 
 .text.chOQWriteTimeout
                0x0000000008002780       0x80 /tmp/cct2mvh4.ltrans2.ltrans.o
                0x0000000008002780                chOQWriteTimeout
 .text.writet.lto_priv.78
                0x0000000008002800        0x8 /tmp/cct2mvh4.ltrans2.ltrans.o
                0x0000000008002800                writet.lto_priv.78
 *fill*         0x0000000008002808        0x8 
 .text.write.lto_priv.72
                0x0000000008002810        0xc /tmp/cct2mvh4.ltrans2.ltrans.o
                0x0000000008002810                write.lto_priv.72
 *fill*         0x000000000800281c        0x4 
 .text.chOQGetI
                0x0000000008002820       0x4c /tmp/cct2mvh4.ltrans2.ltrans.o
                0x0000000008002820                chOQGetI
 *fill*         0x000000000800286c        0x4 
 .text.VectorDC
                0x0000000008002870      0x144 /tmp/cct2mvh4.ltrans2.ltrans.o
 *fill*         0x00000000080029b4        0xc 
 .text.chOQPutTimeout
                0x00000000080029c0       0x54 /tmp/cct2mvh4.ltrans2.ltrans.o
                0x00000000080029c0                chOQPutTimeout
 *fill*         0x0000000008002a14        0xc 
 .text.putt.lto_priv.76
                0x0000000008002a20        0x8 /tmp/cct2mvh4.ltrans2.ltrans.o
                0x0000000008002a20                putt.lto_priv.76
 *fill*         0x0000000008002a28        0x8 
 .text.put.lto_priv.74
                0x0000000008002a30        0xc /tmp/cct2mvh4.ltrans2.ltrans.o
                0x0000000008002a30                put.lto_priv.74
 *fill*         0x0000000008002a3c        0x4 
 .text.mbox1_setup.lto_priv.107
                0x0000000008002a40       0x38 /tmp/cct2mvh4.ltrans3.ltrans.o
                0x0000000008002a40                mbox1_setup.lto_priv.107
 *fill*         0x0000000008002a78        0x8 
 .text.mtx8_setup.lto_priv.104
                0x0000000008002a80       0x28 /tmp/cct2mvh4.ltrans3.ltrans.o
                0x0000000008002a80                mtx8_setup.lto_priv.104
 *fill*         0x0000000008002aa8        0x8 
 .text.mtx7_setup.lto_priv.102
                0x0000000008002ab0       0x1c /tmp/cct2mvh4.ltrans3.ltrans.o
                0x0000000008002ab0                mtx7_setup.lto_priv.102
 *fill*         0x0000000008002acc        0x4 
 .text.mtx6_setup.lto_priv.100
                0x0000000008002ad0       0x1c /tmp/cct2mvh4.ltrans3.ltrans.o
                0x0000000008002ad0                mtx6_setup.lto_priv.100
 *fill*         0x0000000008002aec        0x4 
 .text.mbox1_execute.lto_priv.108
                0x0000000008002af0      0x5c8 /tmp/cct2mvh4.ltrans3.ltrans.o
                0x0000000008002af0                mbox1_execute.lto_priv.108
 *fill*         0x00000000080030b8        0x8 
 .text.thread   0x00000000080030c0       0x20 /tmp/cct2mvh4.ltrans3.ltrans.o
 .text.msg1_execute.lto_priv.106
                0x00000000080030e0       0x94 /tmp/cct2mvh4.ltrans3.ltrans.o
                0x00000000080030e0                msg1_execute.lto_priv.106
 *fill*         0x0000000008003174        0xc 
 .text.mtx8_execute.lto_priv.105
                0x0000000008003180       0x90 /tmp/cct2mvh4.ltrans3.ltrans.o
                0x0000000008003180                mtx8_execute.lto_priv.105
 .text.thread12
                0x0000000008003210       0x20 /tmp/cct2mvh4.ltrans3.ltrans.o
 .text.thread11
                0x0000000008003230       0x88 /tmp/cct2mvh4.ltrans3.ltrans.o
 *fill*         0x00000000080032b8        0x8 
 .text.thread10
                0x00000000080032c0       0x6c /tmp/cct2mvh4.ltrans3.ltrans.o
 *fill*         0x000000000800332c        0x4 
 .text.mtx7_execute.lto_priv.103
                0x0000000008003330       0xf0 /tmp/cct2mvh4.ltrans3.ltrans.o
                0x0000000008003330                mtx7_execute.lto_priv.103
 .text.mtx6_execute.lto_priv.101
                0x0000000008003420       0xdc /tmp/cct2mvh4.ltrans3.ltrans.o
                0x0000000008003420                mtx6_execute.lto_priv.101
 *fill*         0x00000000080034fc        0x4 
 .text.mtx5_execute.lto_priv.99
                0x0000000008003500       0xfc /tmp/cct2mvh4.ltrans3.ltrans.o
                0x0000000008003500                mtx5_execute.lto_priv.99
 *fill*         0x00000000080035fc        0x4 
 .text.wakeup.lto_priv.159
                0x0000000008003600       0x70 /tmp/cct2mvh4.ltrans4.ltrans.o
                0x0000000008003600                wakeup.lto_priv.159
 .text._idle_thread.lto_priv.70
                0x0000000008003670        0x4 /tmp/cct2mvh4.ltrans4.ltrans.o
                0x0000000008003670                _idle_thread.lto_priv.70
 *fill*         0x0000000008003674        0xc 
 .text.chSchDoRescheduleAhead
                0x0000000008003680       0x3c /tmp/cct2mvh4.ltrans4.ltrans.o
 *fill*         0x00000000080036bc        0x4 
 .text.chEvtUnregister
                0x00000000080036c0       0x2c /tmp/cct2mvh4.ltrans4.ltrans.o
                0x00000000080036c0                chEvtUnregister
 *fill*         0x00000000080036ec        0x4 
 .text.chThdRelease
                0x00000000080036f0       0x74 /tmp/cct2mvh4.ltrans4.ltrans.o
                0x00000000080036f0                chThdRelease
 *fill*         0x0000000008003764        0xc 
 .text.chTMStopMeasurementX
                0x0000000008003770       0x44 /tmp/cct2mvh4.ltrans4.ltrans.o
                0x0000000008003770                chTMStopMeasurementX
 *fill*         0x00000000080037b4        0xc 
 .text.chThdYield
                0x00000000080037c0       0x58 /tmp/cct2mvh4.ltrans4.ltrans.o
                0x00000000080037c0                chThdYield
 *fill*         0x0000000008003818        0x8 
 .text.chSchDoReschedule
                0x0000000008003820        0x4 /tmp/cct2mvh4.ltrans4.ltrans.o
                0x0000000008003820                chSchDoReschedule
 *fill*         0x0000000008003824        0xc 
 .text.chSchRescheduleS
                0x0000000008003830       0x18 /tmp/cct2mvh4.ltrans4.ltrans.o
                0x0000000008003830                chSchRescheduleS
 *fill*         0x0000000008003848        0x8 
 .text.chThdSetPriority
                0x0000000008003850       0x30 /tmp/cct2mvh4.ltrans4.ltrans.o
                0x0000000008003850                chThdSetPriority
 .text.chSchWakeupS
                0x0000000008003880       0x58 /tmp/cct2mvh4.ltrans4.ltrans.o
                0x0000000008003880                chSchWakeupS
 *fill*         0x00000000080038d8        0x8 
 .text.chSemSignal
                0x00000000080038e0       0x34 /tmp/cct2mvh4.ltrans4.ltrans.o
                0x00000000080038e0                chSemSignal
 *fill*         0x0000000008003914        0xc 
 .text.chThdCreateStatic
                0x0000000008003920       0x7c /tmp/cct2mvh4.ltrans4.ltrans.o
                0x0000000008003920                chThdCreateStatic
 *fill*         0x000000000800399c        0x4 
 .text.chSchGoSleepS
                0x00000000080039a0       0x24 /tmp/cct2mvh4.ltrans4.ltrans.o
                0x00000000080039a0                chSchGoSleepS
 *fill*         0x00000000080039c4        0xc 
 .text.chMsgWait
                0x00000000080039d0       0x3c /tmp/cct2mvh4.ltrans4.ltrans.o
                0x00000000080039d0                chMsgWait
 *fill*         0x0000000008003a0c        0x4 
 .text.chSemWait
                0x0000000008003a10       0x44 /tmp/cct2mvh4.ltrans4.ltrans.o
                0x0000000008003a10                chSemWait
 *fill*         0x0000000008003a54        0xc 
 .text.chThdWait
                0x0000000008003a60       0x38 /tmp/cct2mvh4.ltrans4.ltrans.o
                0x0000000008003a60                chThdWait
 *fill*         0x0000000008003a98        0x8 
 .text.chSchReadyI
                0x0000000008003aa0       0x2c /tmp/cct2mvh4.ltrans4.ltrans.o
                0x0000000008003aa0                chSchReadyI
 *fill*         0x0000000008003acc        0x4 
 .text.chIQPutI
                0x0000000008003ad0       0x54 /tmp/cct2mvh4.ltrans4.ltrans.o
                0x0000000008003ad0                chIQPutI
 *fill*         0x0000000008003b24        0xc 
 .text.chMsgSend
                0x0000000008003b30       0x40 /tmp/cct2mvh4.ltrans4.ltrans.o
                0x0000000008003b30                chMsgSend
 .text.chEvtSignalI
                0x0000000008003b70       0x2c /tmp/cct2mvh4.ltrans4.ltrans.o
                0x0000000008003b70                chEvtSignalI
 *fill*         0x0000000008003b9c        0x4 
 .text.chEvtBroadcastFlagsI
                0x0000000008003ba0       0x2c /tmp/cct2mvh4.ltrans4.ltrans.o
                0x0000000008003ba0                chEvtBroadcastFlagsI
 *fill*         0x0000000008003bcc        0x4 
 .text.chMtxUnlockAll
                0x0000000008003bd0       0x54 /tmp/cct2mvh4.ltrans4.ltrans.o
                0x0000000008003bd0                chMtxUnlockAll
 *fill*         0x0000000008003c24        0xc 
 .text.chMtxUnlockS
                0x0000000008003c30       0x50 /tmp/cct2mvh4.ltrans4.ltrans.o
                0x0000000008003c30                chMtxUnlockS
 .text.chMtxUnlock
                0x0000000008003c80       0x64 /tmp/cct2mvh4.ltrans4.ltrans.o
                0x0000000008003c80                chMtxUnlock
 *fill*         0x0000000008003ce4        0xc 
 .text.chMtxLockS
                0x0000000008003cf0       0xc8 /tmp/cct2mvh4.ltrans4.ltrans.o
                0x0000000008003cf0                chMtxLockS
 *fill*         0x0000000008003db8        0x8 
 .text.chMtxLock
                0x0000000008003dc0       0x14 /tmp/cct2mvh4.ltrans4.ltrans.o
                0x0000000008003dc0                chMtxLock
 *fill*         0x0000000008003dd4        0xc 
 .text.chSemSignalI
                0x0000000008003de0       0x28 /tmp/cct2mvh4.ltrans4.ltrans.o
                0x0000000008003de0                chSemSignalI
 *fill*         0x0000000008003e08        0x8 
 .text.chSemResetI
                0x0000000008003e10       0x28 /tmp/cct2mvh4.ltrans4.ltrans.o
                0x0000000008003e10                chSemResetI
 *fill*         0x0000000008003e38        0x8 
 .text.chThdExit
                0x0000000008003e40       0x48 /tmp/cct2mvh4.ltrans4.ltrans.o
                0x0000000008003e40                chThdExit
 *fill*         0x0000000008003e88        0x8 
 .text.chVTDoResetI
                0x0000000008003e90       0x78 /tmp/cct2mvh4.ltrans4.ltrans.o
                0x0000000008003e90                chVTDoResetI
 *fill*         0x0000000008003f08        0x8 
 .text.chVTDoSetI
                0x0000000008003f10       0x80 /tmp/cct2mvh4.ltrans4.ltrans.o
                0x0000000008003f10                chVTDoSetI
 .text.chSchGoSleepTimeoutS
                0x0000000008003f90       0x48 /tmp/cct2mvh4.ltrans4.ltrans.o
                0x0000000008003f90                chSchGoSleepTimeoutS
 *fill*         0x0000000008003fd8        0x8 
 .text.chSemWaitTimeoutS
                0x0000000008003fe0       0x40 /tmp/cct2mvh4.ltrans4.ltrans.o
                0x0000000008003fe0                chSemWaitTimeoutS
 .text.chThdEnqueueTimeoutS
                0x0000000008004020       0x28 /tmp/cct2mvh4.ltrans4.ltrans.o
                0x0000000008004020                chThdEnqueueTimeoutS
 *fill*         0x0000000008004048        0x8 
 .text.chIQReadTimeout
                0x0000000008004050       0x78 /tmp/cct2mvh4.ltrans4.ltrans.o
                0x0000000008004050                chIQReadTimeout
 *fill*         0x00000000080040c8        0x8 
 .text.chIQGetTimeout
                0x00000000080040d0       0x50 /tmp/cct2mvh4.ltrans4.ltrans.o
                0x00000000080040d0                chIQGetTimeout
 .text.chThdSleep
                0x0000000008004120       0x18 /tmp/cct2mvh4.ltrans4.ltrans.o
                0x0000000008004120                chThdSleep
 *fill*         0x0000000008004138        0x8 
 .text.chSysRestoreStatusX.part.3.lto_priv.148
                0x0000000008004140       0x20 /tmp/cct2mvh4.ltrans4.ltrans.o
                0x0000000008004140                chSysRestoreStatusX.part.3.lto_priv.148
 .text.chSysGetStatusAndLockX.part.2.lto_priv.149
                0x0000000008004160       0x1c /tmp/cct2mvh4.ltrans4.ltrans.o
                0x0000000008004160                chSysGetStatusAndLockX.part.2.lto_priv.149
 *fill*         0x000000000800417c        0x4 
 .text.chSysIntegrityCheckI
                0x0000000008004180       0xb4 /tmp/cct2mvh4.ltrans4.ltrans.o
                0x0000000008004180                chSysIntegrityCheckI
 *fill*         0x0000000008004234        0xc 
 .text._unhandled_exception
                0x0000000008004240        0x4 /tmp/cct2mvh4.ltrans4.ltrans.o
                0x0000000008004240                Vector58
                0x0000000008004240                VectorE8
                0x0000000008004240                Vector9C
                0x0000000008004240                VectorAC
                0x0000000008004240                DebugMon_Handler
                0x0000000008004240                Vector5C
                0x0000000008004240                Vector11C
                0x0000000008004240                HardFault_Handler
                0x0000000008004240                Vector8C
                0x0000000008004240                SysTick_Handler
                0x0000000008004240                PendSV_Handler
                0x0000000008004240                NMI_Handler
                0x0000000008004240                Vector110
                0x0000000008004240                Vector120
                0x0000000008004240                VectorC8
                0x0000000008004240                Vector94
                0x0000000008004240                VectorA8
                0x0000000008004240                VectorB4
                0x0000000008004240                UsageFault_Handler
                0x0000000008004240                VectorEC
                0x0000000008004240                Vector40
                0x0000000008004240                VectorF8
                0x0000000008004240                Vector108
                0x0000000008004240                Vector150
                0x0000000008004240                Vector124
                0x0000000008004240                Vector148
                0x0000000008004240                Vector118
                0x0000000008004240                Vector64
                0x0000000008004240                VectorCC
                0x0000000008004240                Vector54
                0x0000000008004240                Vector98
                0x0000000008004240                VectorD8
                0x0000000008004240                Vector138
                0x0000000008004240                Vector24
                0x0000000008004240                VectorD0
                0x0000000008004240                Vector140
                0x0000000008004240                VectorE4
                0x0000000008004240                Vector158
                0x0000000008004240                Vector130
                0x0000000008004240                Vector134
                0x0000000008004240                VectorF0
                0x0000000008004240                Vector12C
                0x0000000008004240                Vector13C
                0x0000000008004240                Vector100
                0x0000000008004240                VectorE0
                0x0000000008004240                VectorF4
                0x0000000008004240                MemManage_Handler
                0x0000000008004240                VectorA0
                0x0000000008004240                VectorC4
                0x0000000008004240                Vector90
                0x0000000008004240                Vector114
                0x0000000008004240                Vector60
                0x0000000008004240                Vector1C
                0x0000000008004240                Vector48
                0x0000000008004240                Vector4C
                0x0000000008004240                Vector144
                0x0000000008004240                Vector15C
                0x0000000008004240                Vector68
                0x0000000008004240                Vector88
                0x0000000008004240                Vector104
                0x0000000008004240                Vector10C
                0x0000000008004240                Vector14C
                0x0000000008004240                BusFault_Handler
                0x0000000008004240                Vector50
                0x0000000008004240                Vector154
                0x0000000008004240                Vector44
                0x0000000008004240                Vector28
                0x0000000008004240                VectorB8
                0x0000000008004240                VectorFC
                0x0000000008004240                Vector34
                0x0000000008004240                Vector128
                0x0000000008004240                VectorA4
                0x0000000008004240                Vector20
 *fill*         0x0000000008004244        0xc 
 .text.__init_ram_areas
                0x0000000008004250       0x4c /tmp/cct2mvh4.ltrans4.ltrans.o
                0x0000000008004250                __init_ram_areas
 *fill*         0x000000000800429c        0x4 
 .text.__default_exit
                0x00000000080042a0        0x4 /tmp/cct2mvh4.ltrans4.ltrans.o
                0x00000000080042a0                __default_exit
 *fill*         0x00000000080042a4        0xc 
 .text.__late_init
                0x00000000080042b0        0x4 /tmp/cct2mvh4.ltrans4.ltrans.o
                0x00000000080042b0                __late_init
 *fill*         0x00000000080042b4        0xc 
 .text.__core_init
                0x00000000080042c0        0x4 /tmp/cct2mvh4.ltrans4.ltrans.o
                0x00000000080042c0                __core_init
 *fill*         0x00000000080042c4        0xc 
 .text.bmk12_setup.lto_priv.142
                0x00000000080042d0       0x10 /tmp/cct2mvh4.ltrans5.ltrans.o
                0x00000000080042d0                bmk12_setup.lto_priv.142
 .text.bmk11_setup.lto_priv.140
                0x00000000080042e0       0x10 /tmp/cct2mvh4.ltrans5.ltrans.o
                0x00000000080042e0                bmk11_setup.lto_priv.140
 .text.tmo      0x00000000080042f0        0x4 /tmp/cct2mvh4.ltrans5.ltrans.o
 *fill*         0x00000000080042f4        0xc 
 .text.bmk7_setup.lto_priv.135
                0x0000000008004300       0x10 /tmp/cct2mvh4.ltrans5.ltrans.o
                0x0000000008004300                bmk7_setup.lto_priv.135
 .text.sys2_execute.lto_priv.81
                0x0000000008004310       0x1c /tmp/cct2mvh4.ltrans5.ltrans.o
                0x0000000008004310                sys2_execute.lto_priv.81
 *fill*         0x000000000800432c        0x4 
 .text.bmk12_execute.lto_priv.143
                0x0000000008004330       0x6c /tmp/cct2mvh4.ltrans5.ltrans.o
                0x0000000008004330                bmk12_execute.lto_priv.143
 *fill*         0x000000000800439c        0x4 
 .text.bmk11_execute.lto_priv.141
                0x00000000080043a0       0x6c /tmp/cct2mvh4.ltrans5.ltrans.o
                0x00000000080043a0                bmk11_execute.lto_priv.141
 *fill*         0x000000000800440c        0x4 
 .text.thread3  0x0000000008004410       0x24 /tmp/cct2mvh4.ltrans5.ltrans.o
 *fill*         0x0000000008004434        0xc 
 .text.bmk10_execute.lto_priv.139
                0x0000000008004440       0x78 /tmp/cct2mvh4.ltrans5.ltrans.o
                0x0000000008004440                bmk10_execute.lto_priv.139
 *fill*         0x00000000080044b8        0x8 
 .text.bmk9_execute.lto_priv.138
                0x00000000080044c0       0xb0 /tmp/cct2mvh4.ltrans5.ltrans.o
                0x00000000080044c0                bmk9_execute.lto_priv.138
 .text.bmk8_execute.lto_priv.137
                0x0000000008004570       0xdc /tmp/cct2mvh4.ltrans5.ltrans.o
                0x0000000008004570                bmk8_execute.lto_priv.137
 *fill*         0x000000000800464c        0x4 
 .text.bmk6_execute.lto_priv.134
                0x0000000008004650       0x64 /tmp/cct2mvh4.ltrans5.ltrans.o
                0x0000000008004650                bmk6_execute.lto_priv.134
 *fill*         0x00000000080046b4        0xc 
 .text.thread8  0x00000000080046c0       0x2c /tmp/cct2mvh4.ltrans5.ltrans.o
 *fill*         0x00000000080046ec        0x4 
 .text.bmk7_execute.lto_priv.136
                0x00000000080046f0      0x124 /tmp/cct2mvh4.ltrans5.ltrans.o
                0x00000000080046f0                bmk7_execute.lto_priv.136
 *fill*         0x0000000008004814        0xc 
 .text.bmk5_execute.lto_priv.133
                0x0000000008004820       0x68 /tmp/cct2mvh4.ltrans5.ltrans.o
                0x0000000008004820                bmk5_execute.lto_priv.133
 *fill*         0x0000000008004888        0x8 
 .text.bmk4_execute.lto_priv.132
                0x0000000008004890       0xb8 /tmp/cct2mvh4.ltrans5.ltrans.o
                0x0000000008004890                bmk4_execute.lto_priv.132
 *fill*         0x0000000008004948        0x8 
 .text.thread4  0x0000000008004950       0x24 /tmp/cct2mvh4.ltrans5.ltrans.o
 *fill*         0x0000000008004974        0xc 
 .text.thread2.lto_priv.146
                0x0000000008004980       0x20 /tmp/cct2mvh4.ltrans5.ltrans.o
 .text.msg_loop_test
                0x00000000080049a0       0x30 /tmp/cct2mvh4.ltrans5.ltrans.o
 .text.bmk3_execute.lto_priv.131
                0x00000000080049d0       0xd8 /tmp/cct2mvh4.ltrans5.ltrans.o
                0x00000000080049d0                bmk3_execute.lto_priv.131
 *fill*         0x0000000008004aa8        0x8 
 .text.bmk2_execute.lto_priv.130
                0x0000000008004ab0       0x6c /tmp/cct2mvh4.ltrans5.ltrans.o
                0x0000000008004ab0                bmk2_execute.lto_priv.130
 *fill*         0x0000000008004b1c        0x4 
 .text.bmk1_execute.lto_priv.129
                0x0000000008004b20       0x6c /tmp/cct2mvh4.ltrans5.ltrans.o
                0x0000000008004b20                bmk1_execute.lto_priv.129
 *fill*         0x0000000008004b8c        0x4 
 .text.sys3_execute.lto_priv.82
                0x0000000008004b90       0x84 /tmp/cct2mvh4.ltrans5.ltrans.o
                0x0000000008004b90                sys3_execute.lto_priv.82
 *fill*         0x0000000008004c14        0xc 
 .text.sys1_execute.lto_priv.80
                0x0000000008004c20       0xb4 /tmp/cct2mvh4.ltrans5.ltrans.o
                0x0000000008004c20                sys1_execute.lto_priv.80
 *fill*         0x0000000008004cd4        0xc 
 .text.vtcb     0x0000000008004ce0       0x28 /tmp/cct2mvh4.ltrans5.ltrans.o
 *fill*         0x0000000008004d08        0x8 
 .text.thread2.lto_priv.145
                0x0000000008004d10       0x10 /tmp/cct2mvh4.ltrans5.ltrans.o
 .text.queues2_execute.lto_priv.128
                0x0000000008004d20      0x268 /tmp/cct2mvh4.ltrans5.ltrans.o
                0x0000000008004d20                queues2_execute.lto_priv.128
 *fill*         0x0000000008004f88        0x8 
 .text.thread1  0x0000000008004f90        0x4 /tmp/cct2mvh4.ltrans5.ltrans.o
 *fill*         0x0000000008004f94        0xc 
 .text.notify.lto_priv.147
                0x0000000008004fa0        0x4 /tmp/cct2mvh4.ltrans6.ltrans.o
                0x0000000008004fa0                notify.lto_priv.147
 *fill*         0x0000000008004fa4        0xc 
 .text.queues2_setup.lto_priv.127
                0x0000000008004fb0       0x30 /tmp/cct2mvh4.ltrans6.ltrans.o
                0x0000000008004fb0                queues2_setup.lto_priv.127
 .text.queues1_setup.lto_priv.125
                0x0000000008004fe0       0x30 /tmp/cct2mvh4.ltrans6.ltrans.o
                0x0000000008004fe0                queues1_setup.lto_priv.125
 .text.dyn3_setup.lto_priv.123
                0x0000000008005010       0x30 /tmp/cct2mvh4.ltrans6.ltrans.o
                0x0000000008005010                dyn3_setup.lto_priv.123
 .text.dyn2_setup.lto_priv.121
                0x0000000008005040       0x14 /tmp/cct2mvh4.ltrans6.ltrans.o
                0x0000000008005040                dyn2_setup.lto_priv.121
 *fill*         0x0000000008005054        0xc 
 .text.dyn1_setup.lto_priv.119
                0x0000000008005060       0x30 /tmp/cct2mvh4.ltrans6.ltrans.o
                0x0000000008005060                dyn1_setup.lto_priv.119
 .text.null_provider
                0x0000000008005090        0x4 /tmp/cct2mvh4.ltrans6.ltrans.o
 *fill*         0x0000000008005094        0xc 
 .text.pools1_setup.lto_priv.117
                0x00000000080050a0       0x14 /tmp/cct2mvh4.ltrans6.ltrans.o
                0x00000000080050a0                pools1_setup.lto_priv.117
 *fill*         0x00000000080050b4        0xc 
 .text.thread1  0x00000000080050c0        0xc /tmp/cct2mvh4.ltrans6.ltrans.o
 *fill*         0x00000000080050cc        0x4 
 .text.thread.lto_priv.68
                0x00000000080050d0        0x8 /tmp/cct2mvh4.ltrans6.ltrans.o
                0x00000000080050d0                thread.lto_priv.68
 *fill*         0x00000000080050d8        0x8 
 .text.queues1_execute.lto_priv.126
                0x00000000080050e0      0x28c /tmp/cct2mvh4.ltrans6.ltrans.o
                0x00000000080050e0                queues1_execute.lto_priv.126
 *fill*         0x000000000800536c        0x4 
 .text.regfind  0x0000000008005370       0x54 /tmp/cct2mvh4.ltrans6.ltrans.o
 *fill*         0x00000000080053c4        0xc 
 .text.dyn3_execute.lto_priv.124
                0x00000000080053d0      0x124 /tmp/cct2mvh4.ltrans6.ltrans.o
                0x00000000080053d0                dyn3_execute.lto_priv.124
 *fill*         0x00000000080054f4        0xc 
 .text.pools1_execute.lto_priv.118
                0x0000000008005500       0xd0 /tmp/cct2mvh4.ltrans6.ltrans.o
                0x0000000008005500                pools1_execute.lto_priv.118
 .text.dyn2_execute.lto_priv.122
                0x00000000080055d0       0xe8 /tmp/cct2mvh4.ltrans6.ltrans.o
                0x00000000080055d0                dyn2_execute.lto_priv.122
 *fill*         0x00000000080056b8        0x8 
 .text.dyn1_execute.lto_priv.120
                0x00000000080056c0       0xd0 /tmp/cct2mvh4.ltrans6.ltrans.o
                0x00000000080056c0                dyn1_execute.lto_priv.120
 .text.heap1_execute.lto_priv.116
                0x0000000008005790      0x240 /tmp/cct2mvh4.ltrans6.ltrans.o
                0x0000000008005790                heap1_execute.lto_priv.116
 .text.heap1_setup.lto_priv.115
                0x00000000080059d0       0x30 /tmp/cct2mvh4.ltrans7.ltrans.o
                0x00000000080059d0                heap1_setup.lto_priv.115
 .text.evt3_execute.lto_priv.114
                0x0000000008005a00      0x15c /tmp/cct2mvh4.ltrans7.ltrans.o
                0x0000000008005a00                evt3_execute.lto_priv.114
 *fill*         0x0000000008005b5c        0x4 
 .text.evt3_setup.lto_priv.113
                0x0000000008005b60        0x4 /tmp/cct2mvh4.ltrans7.ltrans.o
                0x0000000008005b60                evt3_setup.lto_priv.113
 *fill*         0x0000000008005b64        0xc 
 .text.evt2_setup.lto_priv.111
                0x0000000008005b70        0x4 /tmp/cct2mvh4.ltrans7.ltrans.o
                0x0000000008005b70                evt2_setup.lto_priv.111
 *fill*         0x0000000008005b74        0xc 
 .text.evt1_setup.lto_priv.109
                0x0000000008005b80        0x4 /tmp/cct2mvh4.ltrans7.ltrans.o
                0x0000000008005b80                evt1_setup.lto_priv.109
 *fill*         0x0000000008005b84        0xc 
 .text.evt2_execute.lto_priv.112
                0x0000000008005b90      0x2e4 /tmp/cct2mvh4.ltrans7.ltrans.o
                0x0000000008005b90                evt2_execute.lto_priv.112
 *fill*         0x0000000008005e74        0xc 
 .text.thread2  0x0000000008005e80       0x40 /tmp/cct2mvh4.ltrans7.ltrans.o
 .text.thread1  0x0000000008005ec0       0x24 /tmp/cct2mvh4.ltrans7.ltrans.o
 *fill*         0x0000000008005ee4        0xc 
 .text.evt1_execute.lto_priv.110
                0x0000000008005ef0       0xe0 /tmp/cct2mvh4.ltrans7.ltrans.o
                0x0000000008005ef0                evt1_execute.lto_priv.110
 .text.h3       0x0000000008005fd0        0x8 /tmp/cct2mvh4.ltrans7.ltrans.o
 *fill*         0x0000000008005fd8        0x8 
 .text.h2       0x0000000008005fe0        0x8 /tmp/cct2mvh4.ltrans7.ltrans.o
 *fill*         0x0000000008005fe8        0x8 
 .text.h1       0x0000000008005ff0        0x8 /tmp/cct2mvh4.ltrans7.ltrans.o
 *(.rodata)
 *(.rodata.*)
 *fill*         0x0000000008005ff8        0x8 
 .rodata.str1.4
                0x0000000008006000       0x16 /tmp/cct2mvh4.ltrans0.ltrans.o
                                         0x1a (size before relaxing)
 *fill*         0x0000000008006016        0xa 
 .rodata.testmtx4
                0x0000000008006020       0x10 /tmp/cct2mvh4.ltrans1.ltrans.o
 .rodata.testmtx8
                0x0000000008006030       0x10 /tmp/cct2mvh4.ltrans1.ltrans.o
 .rodata.testmtx7
                0x0000000008006040       0x10 /tmp/cct2mvh4.ltrans1.ltrans.o
 .rodata.patternsys
                0x0000000008006050       0x10 /tmp/cct2mvh4.ltrans1.ltrans.o
 .rodata.patternmsg
                0x0000000008006060        0x8 /tmp/cct2mvh4.ltrans1.ltrans.o
 *fill*         0x0000000008006068        0x8 
 .rodata.patternbmk
                0x0000000008006070       0x38 /tmp/cct2mvh4.ltrans1.ltrans.o
 *fill*         0x00000000080060a8        0x8 
 .rodata.ch_debug
                0x00000000080060b0       0x16 /tmp/cct2mvh4.ltrans1.ltrans.o
 *fill*         0x00000000080060c6        0xa 
 .rodata.patternevt
                0x00000000080060d0       0x10 /tmp/cct2mvh4.ltrans1.ltrans.o
 .rodata.patterndyn
                0x00000000080060e0       0x10 /tmp/cct2mvh4.ltrans1.ltrans.o
 .rodata.testevt3
                0x00000000080060f0       0x10 /tmp/cct2mvh4.ltrans1.ltrans.o
 .rodata.testsys1
                0x0000000008006100       0x10 /tmp/cct2mvh4.ltrans1.ltrans.o
 .rodata.vmt    0x0000000008006110       0x20 /tmp/cct2mvh4.ltrans1.ltrans.o
 .rodata.testsem1
                0x0000000008006130       0x10 /tmp/cct2mvh4.ltrans1.ltrans.o
 .rodata.testsem2
                0x0000000008006140       0x10 /tmp/cct2mvh4.ltrans1.ltrans.o
 .rodata.testthd2
                0x0000000008006150       0x10 /tmp/cct2mvh4.ltrans1.ltrans.o
 .rodata.testsys2
                0x0000000008006160       0x10 /tmp/cct2mvh4.ltrans1.ltrans.o
 .rodata.testsys3
                0x0000000008006170       0x10 /tmp/cct2mvh4.ltrans1.ltrans.o
 .rodata.testbmk10
                0x0000000008006180       0x10 /tmp/cct2mvh4.ltrans1.ltrans.o
 .rodata.testbmk11
                0x0000000008006190       0x10 /tmp/cct2mvh4.ltrans1.ltrans.o
 .rodata.testbmk12
                0x00000000080061a0       0x10 /tmp/cct2mvh4.ltrans1.ltrans.o
 .rodata.testbmk13
                0x00000000080061b0       0x10 /tmp/cct2mvh4.ltrans1.ltrans.o
 .rodata.testbmk1
                0x00000000080061c0       0x10 /tmp/cct2mvh4.ltrans1.ltrans.o
 .rodata.testbmk2
                0x00000000080061d0       0x10 /tmp/cct2mvh4.ltrans1.ltrans.o
 .rodata.testbmk3
                0x00000000080061e0       0x10 /tmp/cct2mvh4.ltrans1.ltrans.o
 .rodata.testbmk4
                0x00000000080061f0       0x10 /tmp/cct2mvh4.ltrans1.ltrans.o
 .rodata.testbmk5
                0x0000000008006200       0x10 /tmp/cct2mvh4.ltrans1.ltrans.o
 .rodata.testbmk6
                0x0000000008006210       0x10 /tmp/cct2mvh4.ltrans1.ltrans.o
 .rodata.testbmk7
                0x0000000008006220       0x10 /tmp/cct2mvh4.ltrans1.ltrans.o
 .rodata.testbmk8
                0x0000000008006230       0x10 /tmp/cct2mvh4.ltrans1.ltrans.o
 .rodata.testbmk9
                0x0000000008006240       0x10 /tmp/cct2mvh4.ltrans1.ltrans.o
 .rodata.patternmtx
                0x0000000008006250       0x1c /tmp/cct2mvh4.ltrans1.ltrans.o
 *fill*         0x000000000800626c        0x4 
 .rodata.testevt2
                0x0000000008006270       0x10 /tmp/cct2mvh4.ltrans1.ltrans.o
 .rodata.testmtx5
                0x0000000008006280       0x10 /tmp/cct2mvh4.ltrans1.ltrans.o
 .rodata.testmtx6
                0x0000000008006290       0x10 /tmp/cct2mvh4.ltrans1.ltrans.o
 .rodata.patterns
                0x00000000080062a0       0x34 /tmp/cct2mvh4.ltrans1.ltrans.o
 *fill*         0x00000000080062d4        0xc 
 .rodata.testdyn2
                0x00000000080062e0       0x10 /tmp/cct2mvh4.ltrans1.ltrans.o
 .rodata.testdyn3
                0x00000000080062f0       0x10 /tmp/cct2mvh4.ltrans1.ltrans.o
 .rodata.testmbox1
                0x0000000008006300       0x10 /tmp/cct2mvh4.ltrans1.ltrans.o
 .rodata.patternheap
                0x0000000008006310        0x8 /tmp/cct2mvh4.ltrans1.ltrans.o
 *fill*         0x0000000008006318        0x8 
 .rodata.patternqueues
                0x0000000008006320        0xc /tmp/cct2mvh4.ltrans1.ltrans.o
 *fill*         0x000000000800632c        0x4 
 .rodata.testpools1
                0x0000000008006330       0x10 /tmp/cct2mvh4.ltrans1.ltrans.o
 .rodata.patternpools
                0x0000000008006340        0x8 /tmp/cct2mvh4.ltrans1.ltrans.o
 *fill*         0x0000000008006348        0x8 
 .rodata.testmsg1
                0x0000000008006350       0x10 /tmp/cct2mvh4.ltrans1.ltrans.o
 .rodata._stm32_dma_streams
                0x0000000008006360       0x8c /tmp/cct2mvh4.ltrans1.ltrans.o
 *fill*         0x00000000080063ec        0x4 
 .rodata.patternthd
                0x00000000080063f0       0x14 /tmp/cct2mvh4.ltrans1.ltrans.o
 *fill*         0x0000000008006404        0xc 
 .rodata.testqueues1
                0x0000000008006410       0x10 /tmp/cct2mvh4.ltrans1.ltrans.o
 .rodata.testqueues2
                0x0000000008006420       0x10 /tmp/cct2mvh4.ltrans1.ltrans.o
 .rodata.patternmbox
                0x0000000008006430        0x8 /tmp/cct2mvh4.ltrans1.ltrans.o
 *fill*         0x0000000008006438        0x8 
 .rodata.testthd1
                0x0000000008006440       0x10 /tmp/cct2mvh4.ltrans1.ltrans.o
 .rodata.testsem3
                0x0000000008006450       0x10 /tmp/cct2mvh4.ltrans1.ltrans.o
 .rodata.testthd3
                0x0000000008006460       0x10 /tmp/cct2mvh4.ltrans1.ltrans.o
 .rodata.testsem4
                0x0000000008006470       0x10 /tmp/cct2mvh4.ltrans1.ltrans.o
 .rodata.patternsem
                0x0000000008006480       0x14 /tmp/cct2mvh4.ltrans1.ltrans.o
 *fill*         0x0000000008006494        0xc 
 .rodata.testevt1
                0x00000000080064a0       0x10 /tmp/cct2mvh4.ltrans1.ltrans.o
 .rodata.testheap1
                0x00000000080064b0       0x10 /tmp/cct2mvh4.ltrans1.ltrans.o
 .rodata.testthd4
                0x00000000080064c0       0x10 /tmp/cct2mvh4.ltrans1.ltrans.o
 .rodata.testdyn1
                0x00000000080064d0       0x10 /tmp/cct2mvh4.ltrans1.ltrans.o
 .rodata.str1.4
                0x00000000080064e0      0x763 /tmp/cct2mvh4.ltrans1.ltrans.o
                                        0x76f (size before relaxing)
 *fill*         0x0000000008006c43        0xd 
 .rodata.testmtx1
                0x0000000008006c50       0x10 /tmp/cct2mvh4.ltrans1.ltrans.o
 .rodata.str1.4
                0x0000000008006c60        0x3 /tmp/cct2mvh4.ltrans2.ltrans.o
 *fill*         0x0000000008006c63        0xd 
 .rodata.str1.4
                0x0000000008006c70        0x4 /tmp/cct2mvh4.ltrans3.ltrans.o
                                         0x1e (size before relaxing)
 *fill*         0x0000000008006c74        0xc 
 .rodata.ram_areas
                0x0000000008006c80       0x80 /tmp/cct2mvh4.ltrans4.ltrans.o
 .rodata.wa     0x0000000008006d00       0x14 /tmp/cct2mvh4.ltrans5.ltrans.o
                0x0000000008006d00                wa
 *fill*         0x0000000008006d14        0xc 
 .rodata.str1.4
                0x0000000008006d20       0x85 /tmp/cct2mvh4.ltrans5.ltrans.o
 *fill*         0x0000000008006da5        0xb 
 .rodata.str1.4
                0x0000000008006db0        0x4 /tmp/cct2mvh4.ltrans6.ltrans.o
                                         0x1f (size before relaxing)
 .rodata.str1.4
                0x0000000008006db4        0x8 /tmp/cct2mvh4.ltrans7.ltrans.o
 *fill*         0x0000000008006db4        0xc 
 .rodata.evhndl
                0x0000000008006dc0        0xc /tmp/cct2mvh4.ltrans7.ltrans.o
 *(.glue_7t)
 .glue_7t       0x0000000008006dcc        0x0 linker stubs
 *(.glue_7)
 .glue_7        0x0000000008006dcc        0x0 linker stubs
 *(.gcc*)

.vfp11_veneer   0x0000000008006dcc        0x0
 .vfp11_veneer  0x0000000008006dcc        0x0 linker stubs

.v4_bx          0x0000000008006dcc        0x0
 .v4_bx         0x0000000008006dcc        0x0 linker stubs

.iplt           0x0000000008006dcc        0x0
 .iplt          0x0000000008006dcc        0x0 build/obj/crt0_v7m.o

.rel.dyn        0x0000000008006dcc        0x0
 .rel.iplt      0x0000000008006dcc        0x0 build/obj/crt0_v7m.o

.ARM.extab
 *(.ARM.extab* .gnu.linkonce.armextab.*)

.ARM.exidx      0x0000000008006dcc        0x0
                0x0000000008006dcc                __exidx_start = .
 *(.ARM.exidx* .gnu.linkonce.armexidx.*)
                0x0000000008006dcc                __exidx_end = .

.eh_frame_hdr
 *(.eh_frame_hdr)

.eh_frame
 *(.eh_frame)

.textalign      0x0000000008006dcc        0x4
                0x0000000008006dd0                . = ALIGN (0x8)
 *fill*         0x0000000008006dcc        0x4 
                0x0000000008006dd0                . = ALIGN (0x4)
                [!provide]                        PROVIDE (_etext, .)

.mstack         0x0000000020000000      0x400
                0x0000000020000000                . = ALIGN (0x8)
                0x0000000020000000                __main_stack_base__ = .
                0x0000000020000400                . = (. + __main_stack_size__)
 *fill*         0x0000000020000000      0x400 
                0x0000000020000400                . = ALIGN (0x8)
                0x0000000020000400                __main_stack_end__ = .

.pstack         0x0000000020000400      0x400
                0x0000000020000400                __process_stack_base__ = .
                0x0000000020000400                __main_thread_stack_base__ = .
                0x0000000020000800                . = (. + __process_stack_size__)
 *fill*         0x0000000020000400      0x400 
                0x0000000020000800                . = ALIGN (0x8)
                0x0000000020000800                __process_stack_end__ = .
                0x0000000020000800                __main_thread_stack_end__ = .

.data           0x0000000020000800       0xb8 load address 0x0000000008006dd0
                0x0000000020000800                . = ALIGN (0x4)
                [!provide]                        PROVIDE (_textdata, LOADADDR (.data))
                [!provide]                        PROVIDE (_data, .)
                0x0000000008006dd0                _textdata_start = LOADADDR (.data)
                0x0000000020000800                _data_start = .
 *(.data)
 *(.data.*)
 .data.mb1.lto_priv.157
                0x0000000020000800       0x28 /tmp/cct2mvh4.ltrans1.ltrans.o
                0x0000000020000800                mb1.lto_priv.157
 .data.c1.lto_priv.158
                0x0000000020000828        0x8 /tmp/cct2mvh4.ltrans1.ltrans.o
                0x0000000020000828                c1.lto_priv.158
 .data.sem1.lto_priv.164
                0x0000000020000830        0xc /tmp/cct2mvh4.ltrans1.ltrans.o
                0x0000000020000830                sem1.lto_priv.164
 .data.m1.lto_priv.160
                0x000000002000083c       0x10 /tmp/cct2mvh4.ltrans3.ltrans.o
                0x000000002000083c                m1.lto_priv.160
 .data.m2.lto_priv.161
                0x000000002000084c       0x10 /tmp/cct2mvh4.ltrans3.ltrans.o
                0x000000002000084c                m2.lto_priv.161
 .data.oq.lto_priv.150
                0x000000002000085c       0x24 /tmp/cct2mvh4.ltrans5.ltrans.o
                0x000000002000085c                oq.lto_priv.150
 .data.mp1.lto_priv.152
                0x0000000020000880        0xc /tmp/cct2mvh4.ltrans6.ltrans.o
 .data.iq       0x000000002000088c       0x24 /tmp/cct2mvh4.ltrans6.ltrans.o
 .data.es1      0x00000000200008b0        0x4 /tmp/cct2mvh4.ltrans7.ltrans.o
 .data.es2      0x00000000200008b4        0x4 /tmp/cct2mvh4.ltrans7.ltrans.o
 *(.ramtext)
                0x00000000200008b8                . = ALIGN (0x4)
                [!provide]                        PROVIDE (_edata, .)
                0x00000000200008b8                _data_end = .

.igot.plt       0x00000000200008b8        0x0 load address 0x0000000008006e88
 .igot.plt      0x00000000200008b8        0x0 build/obj/crt0_v7m.o

.bss            0x00000000200008b8      0xb48 load address 0x0000000008006e88
                0x00000000200008b8                . = ALIGN (0x4)
                0x00000000200008b8                _bss_start = .
 *(.bss)
 *(.bss.*)
 .bss.I2CD1     0x00000000200008b8       0x38 /tmp/cct2mvh4.ltrans1.ltrans.o
                0x00000000200008b8                I2CD1
 .bss._stm32_dma_isr_redir
                0x00000000200008f0       0x38 /tmp/cct2mvh4.ltrans1.ltrans.o
                0x00000000200008f0                _stm32_dma_isr_redir
 .bss.test      0x0000000020000928      0x668 /tmp/cct2mvh4.ltrans1.ltrans.o
                0x0000000020000928                test
 .bss.failpoint.lto_priv.168
                0x0000000020000f90        0x4 /tmp/cct2mvh4.ltrans1.ltrans.o
                0x0000000020000f90                failpoint.lto_priv.168
 .bss.mp1.lto_priv.153
                0x0000000020000f94        0xc /tmp/cct2mvh4.ltrans1.ltrans.o
                0x0000000020000f94                mp1.lto_priv.153
 .bss.waThread1
                0x0000000020000fa0      0x148 /tmp/cct2mvh4.ltrans1.ltrans.o
 .bss.chp.lto_priv.166
                0x00000000200010e8        0x4 /tmp/cct2mvh4.ltrans1.ltrans.o
                0x00000000200010e8                chp.lto_priv.166
 .bss.endmem.lto_priv.154
                0x00000000200010ec        0x4 /tmp/cct2mvh4.ltrans1.ltrans.o
                0x00000000200010ec                endmem.lto_priv.154
 .bss.default_heap.lto_priv.171
                0x00000000200010f0       0x20 /tmp/cct2mvh4.ltrans1.ltrans.o
                0x00000000200010f0                default_heap.lto_priv.171
 .bss.test_global_fail
                0x0000000020001110        0x1 /tmp/cct2mvh4.ltrans1.ltrans.o
                0x0000000020001110                test_global_fail
 .bss.test_timer_done
                0x0000000020001111        0x1 /tmp/cct2mvh4.ltrans1.ltrans.o
                0x0000000020001111                test_timer_done
 *fill*         0x0000000020001112        0x2 
 .bss.SD3       0x0000000020001114       0x78 /tmp/cct2mvh4.ltrans1.ltrans.o
                0x0000000020001114                SD3
 .bss.local_fail.lto_priv.167
                0x000000002000118c        0x1 /tmp/cct2mvh4.ltrans1.ltrans.o
                0x000000002000118c                local_fail.lto_priv.167
 *fill*         0x000000002000118d        0x3 
 .bss.tokens_buffer.lto_priv.170
                0x0000000020001190       0x10 /tmp/cct2mvh4.ltrans1.ltrans.o
                0x0000000020001190                tokens_buffer.lto_priv.170
 .bss.ch        0x00000000200011a0      0x150 /tmp/cct2mvh4.ltrans1.ltrans.o
                0x00000000200011a0                ch
 .bss.dma_streams_mask
                0x00000000200012f0        0x4 /tmp/cct2mvh4.ltrans1.ltrans.o
 .bss.threads   0x00000000200012f4       0x14 /tmp/cct2mvh4.ltrans1.ltrans.o
                0x00000000200012f4                threads
 .bss.vt        0x0000000020001308       0x14 /tmp/cct2mvh4.ltrans1.ltrans.o
 *fill*         0x000000002000131c        0x4 
 .bss.heap1.lto_priv.151
                0x0000000020001320       0x20 /tmp/cct2mvh4.ltrans1.ltrans.o
                0x0000000020001320                heap1.lto_priv.151
 .bss.tokp.lto_priv.169
                0x0000000020001340        0x4 /tmp/cct2mvh4.ltrans1.ltrans.o
                0x0000000020001340                tokp.lto_priv.169
 .bss.UARTD1    0x0000000020001344       0x1c /tmp/cct2mvh4.ltrans1.ltrans.o
                0x0000000020001344                UARTD1
 .bss.nextmem.lto_priv.155
                0x0000000020001360        0x4 /tmp/cct2mvh4.ltrans1.ltrans.o
                0x0000000020001360                nextmem.lto_priv.155
 .bss.vt2.6121  0x0000000020001364       0x14 /tmp/cct2mvh4.ltrans5.ltrans.o
 .bss.vt1.6120  0x0000000020001378       0x14 /tmp/cct2mvh4.ltrans5.ltrans.o
 .bss.mtx1      0x000000002000138c       0x10 /tmp/cct2mvh4.ltrans5.ltrans.o
 .bss.iq.6110   0x000000002000139c       0x24 /tmp/cct2mvh4.ltrans5.ltrans.o
 .bss.sem1      0x00000000200013c0        0xc /tmp/cct2mvh4.ltrans5.ltrans.o
 .bss.ib.6109   0x00000000200013cc       0x10 /tmp/cct2mvh4.ltrans5.ltrans.o
 *fill*         0x00000000200013dc        0x4 
 .bss.test_heap.lto_priv.156
                0x00000000200013e0       0x20 /tmp/cct2mvh4.ltrans6.ltrans.o
                0x00000000200013e0                test_heap.lto_priv.156
 *(COMMON)
                0x0000000020001400                . = ALIGN (0x4)
                0x0000000020001400                _bss_end = .
                [!provide]                        PROVIDE (end, .)

.ram0_init      0x0000000020001400        0x0 load address 0x0000000008006e88
                0x0000000020001400                . = ALIGN (0x4)
                0x0000000008006e88                __ram0_init_text__ = LOADADDR (.ram0_init)
                0x0000000020001400                __ram0_init__ = .
 *(.ram0_init)
 *(.ram0_init.*)
                0x0000000020001400                . = ALIGN (0x4)

.ram0           0x0000000020001400        0x0 load address 0x0000000008006e88
                0x0000000020001400                . = ALIGN (0x4)
                0x0000000020001400                __ram0_clear__ = .
 *(.ram0_clear)
 *(.ram0_clear.*)
                0x0000000020001400                . = ALIGN (0x4)
                0x0000000020001400                __ram0_noinit__ = .
 *(.ram0)
 *(.ram0.*)
                0x0000000020001400                . = ALIGN (0x4)
                0x0000000020001400                __ram0_free__ = .

.ram1_init      0x0000000000000000        0x0 load address 0x0000000008006e88
                0x0000000000000000                . = ALIGN (0x4)
                0x0000000008006e88                __ram1_init_text__ = LOADADDR (.ram1_init)
                0x0000000000000000                __ram1_init__ = .
 *(.ram1_init)
 *(.ram1_init.*)
                0x0000000000000000                . = ALIGN (0x4)

.ram1           0x0000000000000000        0x0 load address 0x0000000008006e88
                0x0000000000000000                . = ALIGN (0x4)
                0x0000000000000000                __ram1_clear__ = .
 *(.ram1_clear)
 *(.ram1_clear.*)
                0x0000000000000000                . = ALIGN (0x4)
                0x0000000000000000                __ram1_noinit__ = .
 *(.ram1)
 *(.ram1.*)
                0x0000000000000000                . = ALIGN (0x4)
                0x0000000000000000                __ram1_free__ = .

.ram2_init      0x0000000000000000        0x0 load address 0x0000000008006e88
                0x0000000000000000                . = ALIGN (0x4)
                0x0000000008006e88                __ram2_init_text__ = LOADADDR (.ram2_init)
                0x0000000000000000                __ram2_init__ = .
 *(.ram2_init)
 *(.ram2_init.*)
                0x0000000000000000                . = ALIGN (0x4)

.ram2           0x0000000000000000        0x0 load address 0x0000000008006e88
                0x0000000000000000                . = ALIGN (0x4)
                0x0000000000000000                __ram2_clear__ = .
 *(.ram2_clear)
 *(.ram2_clear.*)
                0x0000000000000000                . = ALIGN (0x4)
                0x0000000000000000                __ram2_noinit__ = .
 *(.ram2)
 *(.ram2.*)
                0x0000000000000000                . = ALIGN (0x4)
                0x0000000000000000                __ram2_free__ = .

.ram3_init      0x0000000000000000        0x0 load address 0x0000000008006e88
                0x0000000000000000                . = ALIGN (0x4)
                0x0000000008006e88                __ram3_init_text__ = LOADADDR (.ram3_init)
                0x0000000000000000                __ram3_init__ = .
 *(.ram3_init)
 *(.ram3_init.*)
                0x0000000000000000                . = ALIGN (0x4)

.ram3           0x0000000000000000        0x0 load address 0x0000000008006e88
                0x0000000000000000                . = ALIGN (0x4)
                0x0000000000000000                __ram3_clear__ = .
 *(.ram3_clear)
 *(.ram3_clear.*)
                0x0000000000000000                . = ALIGN (0x4)
                0x0000000000000000                __ram3_noinit__ = .
 *(.ram3)
 *(.ram3.*)
                0x0000000000000000                . = ALIGN (0x4)
                0x0000000000000000                __ram3_free__ = .

.ram4_init      0x0000000000000000        0x0 load address 0x0000000008006e88
                0x0000000000000000                . = ALIGN (0x4)
                0x0000000008006e88                __ram4_init_text__ = LOADADDR (.ram4_init)
                0x0000000000000000                __ram4_init__ = .
 *(.ram4_init)
 *(.ram4_init.*)
                0x0000000000000000                . = ALIGN (0x4)

.ram4           0x0000000000000000        0x0 load address 0x0000000008006e88
                0x0000000000000000                . = ALIGN (0x4)
                0x0000000000000000                __ram4_clear__ = .
 *(.ram4_clear)
 *(.ram4_clear.*)
                0x0000000000000000                . = ALIGN (0x4)
                0x0000000000000000                __ram4_noinit__ = .
 *(.ram4)
 *(.ram4.*)
                0x0000000000000000                . = ALIGN (0x4)
                0x0000000000000000                __ram4_free__ = .

.ram5_init      0x0000000000000000        0x0 load address 0x0000000008006e88
                0x0000000000000000                . = ALIGN (0x4)
                0x0000000008006e88                __ram5_init_text__ = LOADADDR (.ram5_init)
                0x0000000000000000                __ram5_init__ = .
 *(.ram5_init)
 *(.ram5_init.*)
                0x0000000000000000                . = ALIGN (0x4)

.ram5           0x0000000000000000        0x0 load address 0x0000000008006e88
                0x0000000000000000                . = ALIGN (0x4)
                0x0000000000000000                __ram5_clear__ = .
 *(.ram5_clear)
 *(.ram5_clear.*)
                0x0000000000000000                . = ALIGN (0x4)
                0x0000000000000000                __ram5_noinit__ = .
 *(.ram5)
 *(.ram5.*)
                0x0000000000000000                . = ALIGN (0x4)
                0x0000000000000000                __ram5_free__ = .

.ram6_init      0x0000000000000000        0x0 load address 0x0000000008006e88
                0x0000000000000000                . = ALIGN (0x4)
                0x0000000008006e88                __ram6_init_text__ = LOADADDR (.ram6_init)
                0x0000000000000000                __ram6_init__ = .
 *(.ram6_init)
 *(.ram6_init.*)
                0x0000000000000000                . = ALIGN (0x4)

.ram6           0x0000000000000000        0x0 load address 0x0000000008006e88
                0x0000000000000000                . = ALIGN (0x4)
                0x0000000000000000                __ram6_clear__ = .
 *(.ram6_clear)
 *(.ram6_clear.*)
                0x0000000000000000                . = ALIGN (0x4)
                0x0000000000000000                __ram6_noinit__ = .
 *(.ram6)
 *(.ram6.*)
                0x0000000000000000                . = ALIGN (0x4)
                0x0000000000000000                __ram6_free__ = .

.ram7_init      0x0000000000000000        0x0 load address 0x0000000008006e88
                0x0000000000000000                . = ALIGN (0x4)
                0x0000000008006e88                __ram7_init_text__ = LOADADDR (.ram7_init)
                0x0000000000000000                __ram7_init__ = .
 *(.ram7_init)
 *(.ram7_init.*)
                0x0000000000000000                . = ALIGN (0x4)

.ram7           0x0000000000000000        0x0 load address 0x0000000008006e88
                0x0000000000000000                . = ALIGN (0x4)
                0x0000000000000000                __ram7_clear__ = .
 *(.ram7_clear)
 *(.ram7_clear.*)
                0x0000000000000000                . = ALIGN (0x4)
                0x0000000000000000                __ram7_noinit__ = .
 *(.ram7)
 *(.ram7.*)
                0x0000000000000000                . = ALIGN (0x4)
                0x0000000000000000                __ram7_free__ = .

.heap           0x0000000020001400     0x3c00
                0x0000000020001400                . = ALIGN (0x8)
                0x0000000020001400                __heap_base__ = .
                0x0000000020005000                . = (ORIGIN (HEAP_RAM) + LENGTH (HEAP_RAM))
 *fill*         0x0000000020001400     0x3c00 
                0x0000000020005000                __heap_end__ = .
                0x0000000000000400                __process_stack_size__ = 0x400
                0x0000000000000400                __main_stack_size__ = 0x400
START GROUP
LOAD /usr/lib/gcc/arm-none-eabi/4.9.3/armv7-m/libgcc.a
LOAD /usr/lib/gcc/arm-none-eabi/4.9.3/../../../arm-none-eabi/lib/armv7-m/libg.a
LOAD /usr/lib/gcc/arm-none-eabi/4.9.3/../../../arm-none-eabi/lib/armv7-m/libc.a
END GROUP
OUTPUT(build/ch.elf elf32-littlearm)

.ARM.attributes
                0x0000000000000000       0x2d
 .ARM.attributes
                0x0000000000000000       0x21 build/obj/crt0_v7m.o
 .ARM.attributes
                0x0000000000000021       0x21 build/obj/chcoreasm_v7m.o
 .ARM.attributes
                0x0000000000000042       0x31 /tmp/cct2mvh4.ltrans0.ltrans.o
 .ARM.attributes
                0x0000000000000073       0x31 /tmp/cct2mvh4.ltrans1.ltrans.o
 .ARM.attributes
                0x00000000000000a4       0x31 /tmp/cct2mvh4.ltrans2.ltrans.o
 .ARM.attributes
                0x00000000000000d5       0x31 /tmp/cct2mvh4.ltrans3.ltrans.o
 .ARM.attributes
                0x0000000000000106       0x31 /tmp/cct2mvh4.ltrans4.ltrans.o
 .ARM.attributes
                0x0000000000000137       0x31 /tmp/cct2mvh4.ltrans5.ltrans.o
 .ARM.attributes
                0x0000000000000168       0x31 /tmp/cct2mvh4.ltrans6.ltrans.o
 .ARM.attributes
                0x0000000000000199       0x31 /tmp/cct2mvh4.ltrans7.ltrans.o

.comment        0x0000000000000000       0x38
 .comment       0x0000000000000000       0x38 /tmp/cct2mvh4.ltrans0.ltrans.o
                                         0x39 (size before relaxing)
 .comment       0x0000000000000038       0x39 /tmp/cct2mvh4.ltrans1.ltrans.o
 .comment       0x0000000000000038       0x39 /tmp/cct2mvh4.ltrans2.ltrans.o
 .comment       0x0000000000000038       0x39 /tmp/cct2mvh4.ltrans3.ltrans.o
 .comment       0x0000000000000038       0x39 /tmp/cct2mvh4.ltrans4.ltrans.o
 .comment       0x0000000000000038       0x39 /tmp/cct2mvh4.ltrans5.ltrans.o
 .comment       0x0000000000000038       0x39 /tmp/cct2mvh4.ltrans6.ltrans.o
 .comment       0x0000000000000038       0x39 /tmp/cct2mvh4.ltrans7.ltrans.o

.debug_info     0x0000000000000000    0x1ac72
 .debug_info    0x0000000000000000     0x34de /tmp/cct2mvh4.ltrans0.ltrans.o
 .debug_info    0x00000000000034de     0x4646 /tmp/cct2mvh4.ltrans1.ltrans.o
 .debug_info    0x0000000000007b24     0x3ac2 /tmp/cct2mvh4.ltrans2.ltrans.o
 .debug_info    0x000000000000b5e6     0x346d /tmp/cct2mvh4.ltrans3.ltrans.o
 .debug_info    0x000000000000ea53     0x372d /tmp/cct2mvh4.ltrans4.ltrans.o
 .debug_info    0x0000000000012180     0x3da8 /tmp/cct2mvh4.ltrans5.ltrans.o
 .debug_info    0x0000000000015f28     0x2a5d /tmp/cct2mvh4.ltrans6.ltrans.o
 .debug_info    0x0000000000018985     0x22ed /tmp/cct2mvh4.ltrans7.ltrans.o

.debug_abbrev   0x0000000000000000     0x2ced
 .debug_abbrev  0x0000000000000000      0x514 /tmp/cct2mvh4.ltrans0.ltrans.o
 .debug_abbrev  0x0000000000000514      0x621 /tmp/cct2mvh4.ltrans1.ltrans.o
 .debug_abbrev  0x0000000000000b35      0x780 /tmp/cct2mvh4.ltrans2.ltrans.o
 .debug_abbrev  0x00000000000012b5      0x4dd /tmp/cct2mvh4.ltrans3.ltrans.o
 .debug_abbrev  0x0000000000001792      0x5ec /tmp/cct2mvh4.ltrans4.ltrans.o
 .debug_abbrev  0x0000000000001d7e      0x59e /tmp/cct2mvh4.ltrans5.ltrans.o
 .debug_abbrev  0x000000000000231c      0x4d1 /tmp/cct2mvh4.ltrans6.ltrans.o
 .debug_abbrev  0x00000000000027ed      0x500 /tmp/cct2mvh4.ltrans7.ltrans.o

.debug_loc      0x0000000000000000     0x63a4
 .debug_loc     0x0000000000000000      0x727 /tmp/cct2mvh4.ltrans0.ltrans.o
 .debug_loc     0x0000000000000727      0xcc3 /tmp/cct2mvh4.ltrans1.ltrans.o
 .debug_loc     0x00000000000013ea     0x1538 /tmp/cct2mvh4.ltrans2.ltrans.o
 .debug_loc     0x0000000000002922      0xad8 /tmp/cct2mvh4.ltrans3.ltrans.o
 .debug_loc     0x00000000000033fa     0x19a2 /tmp/cct2mvh4.ltrans4.ltrans.o
 .debug_loc     0x0000000000004d9c      0x8b1 /tmp/cct2mvh4.ltrans5.ltrans.o
 .debug_loc     0x000000000000564d      0x7ae /tmp/cct2mvh4.ltrans6.ltrans.o
 .debug_loc     0x0000000000005dfb      0x5a9 /tmp/cct2mvh4.ltrans7.ltrans.o

.debug_aranges  0x0000000000000000      0x720
 .debug_aranges
                0x0000000000000000       0xd0 /tmp/cct2mvh4.ltrans0.ltrans.o
 .debug_aranges
                0x00000000000000d0       0xb0 /tmp/cct2mvh4.ltrans1.ltrans.o
 .debug_aranges
                0x0000000000000180      0x180 /tmp/cct2mvh4.ltrans2.ltrans.o
 .debug_aranges
                0x0000000000000300       0x88 /tmp/cct2mvh4.ltrans3.ltrans.o
 .debug_aranges
                0x0000000000000388      0x188 /tmp/cct2mvh4.ltrans4.ltrans.o
 .debug_aranges
                0x0000000000000510       0xf8 /tmp/cct2mvh4.ltrans5.ltrans.o
 .debug_aranges
                0x0000000000000608       0xa0 /tmp/cct2mvh4.ltrans6.ltrans.o
 .debug_aranges
                0x00000000000006a8       0x78 /tmp/cct2mvh4.ltrans7.ltrans.o

.debug_ranges   0x0000000000000000     0x2cc8
 .debug_ranges  0x0000000000000000      0x4f0 /tmp/cct2mvh4.ltrans0.ltrans.o
 .debug_ranges  0x00000000000004f0      0xb00 /tmp/cct2mvh4.ltrans1.ltrans.o
 .debug_ranges  0x0000000000000ff0      0x4e0 /tmp/cct2mvh4.ltrans2.ltrans.o
 .debug_ranges  0x00000000000014d0      0x500 /tmp/cct2mvh4.ltrans3.ltrans.o
 .debug_ranges  0x00000000000019d0      0x840 /tmp/cct2mvh4.ltrans4.ltrans.o
 .debug_ranges  0x0000000000002210      0x460 /tmp/cct2mvh4.ltrans5.ltrans.o
 .debug_ranges  0x0000000000002670      0x3d0 /tmp/cct2mvh4.ltrans6.ltrans.o
 .debug_ranges  0x0000000000002a40      0x288 /tmp/cct2mvh4.ltrans7.ltrans.o

.debug_line     0x0000000000000000     0x5ab1
 .debug_line    0x0000000000000000      0xb47 /tmp/cct2mvh4.ltrans0.ltrans.o
 .debug_line    0x0000000000000b47     0x102e /tmp/cct2mvh4.ltrans1.ltrans.o
 .debug_line    0x0000000000001b75      0xd81 /tmp/cct2mvh4.ltrans2.ltrans.o
 .debug_line    0x00000000000028f6      0x8d0 /tmp/cct2mvh4.ltrans3.ltrans.o
 .debug_line    0x00000000000031c6      0xfa7 /tmp/cct2mvh4.ltrans4.ltrans.o
 .debug_line    0x000000000000416d      0xa8c /tmp/cct2mvh4.ltrans5.ltrans.o
 .debug_line    0x0000000000004bf9      0x82c /tmp/cct2mvh4.ltrans6.ltrans.o
 .debug_line    0x0000000000005425      0x68c /tmp/cct2mvh4.ltrans7.ltrans.o

.debug_str      0x0000000000000000     0x3543
 .debug_str     0x0000000000000000      0x994 /tmp/cct2mvh4.ltrans0.ltrans.o
                                        0xa0a (size before relaxing)
 .debug_str     0x0000000000000994     0x1384 /tmp/cct2mvh4.ltrans1.ltrans.o
                                       0x18f9 (size before relaxing)
 .debug_str     0x0000000000001d18      0x66d /tmp/cct2mvh4.ltrans2.ltrans.o
                                       0x11ea (size before relaxing)
 .debug_str     0x0000000000002385      0x393 /tmp/cct2mvh4.ltrans3.ltrans.o
                                        0xa9a (size before relaxing)
 .debug_str     0x0000000000002718      0x409 /tmp/cct2mvh4.ltrans4.ltrans.o
                                        0xdc7 (size before relaxing)
 .debug_str     0x0000000000002b21      0x485 /tmp/cct2mvh4.ltrans5.ltrans.o
                                        0xd93 (size before relaxing)
 .debug_str     0x0000000000002fa6      0x33d /tmp/cct2mvh4.ltrans6.ltrans.o
                                        0xabf (size before relaxing)
 .debug_str     0x00000000000032e3      0x260 /tmp/cct2mvh4.ltrans7.ltrans.o
                                        0x98f (size before relaxing)

.debug_frame    0x0000000000000000     0x17f4
 .debug_frame   0x0000000000000000      0x304 /tmp/cct2mvh4.ltrans0.ltrans.o
 .debug_frame   0x0000000000000304      0x210 /tmp/cct2mvh4.ltrans1.ltrans.o
 .debug_frame   0x0000000000000514      0x51c /tmp/cct2mvh4.ltrans2.ltrans.o
 .debug_frame   0x0000000000000a30      0x1ec /tmp/cct2mvh4.ltrans3.ltrans.o
 .debug_frame   0x0000000000000c1c      0x508 /tmp/cct2mvh4.ltrans4.ltrans.o
 .debug_frame   0x0000000000001124      0x398 /tmp/cct2mvh4.ltrans5.ltrans.o
 .debug_frame   0x00000000000014bc      0x1f8 /tmp/cct2mvh4.ltrans6.ltrans.o
 .debug_frame   0x00000000000016b4      0x140 /tmp/cct2mvh4.ltrans7.ltrans.o

Cross Reference Table

Symbol                                            File
BusFault_Handler                                  /tmp/cct2mvh4.ltrans4.ltrans.o
                                                  build/obj/vectors.o (symbol from plugin)
                                                  /tmp/cct2mvh4.ltrans2.ltrans.o
DebugMon_Handler                                  /tmp/cct2mvh4.ltrans4.ltrans.o
                                                  build/obj/vectors.o (symbol from plugin)
                                                  /tmp/cct2mvh4.ltrans2.ltrans.o
HardFault_Handler                                 /tmp/cct2mvh4.ltrans4.ltrans.o
                                                  build/obj/vectors.o (symbol from plugin)
                                                  /tmp/cct2mvh4.ltrans2.ltrans.o
I2CD1                                             /tmp/cct2mvh4.ltrans1.ltrans.o
                                                  build/obj/i2c_lld.o (symbol from plugin)
                                                  /tmp/cct2mvh4.ltrans2.ltrans.o
MemManage_Handler                                 /tmp/cct2mvh4.ltrans4.ltrans.o
                                                  build/obj/vectors.o (symbol from plugin)
                                                  /tmp/cct2mvh4.ltrans2.ltrans.o
NMI_Handler                                       /tmp/cct2mvh4.ltrans4.ltrans.o
                                                  build/obj/vectors.o (symbol from plugin)
                                                  /tmp/cct2mvh4.ltrans2.ltrans.o
PendSV_Handler                                    /tmp/cct2mvh4.ltrans4.ltrans.o
                                                  build/obj/vectors.o (symbol from plugin)
                                                  /tmp/cct2mvh4.ltrans2.ltrans.o
Reset_Handler                                     build/obj/crt0_v7m.o
                                                  /tmp/cct2mvh4.ltrans2.ltrans.o
                                                  build/obj/vectors.o (symbol from plugin)
SD3                                               /tmp/cct2mvh4.ltrans1.ltrans.o
                                                  build/obj/serial_lld.o (symbol from plugin)
                                                  /tmp/cct2mvh4.ltrans2.ltrans.o
                                                  build/obj/main.o (symbol from plugin)
SVC_Handler                                       build/obj/chcore_v7m.o (symbol from plugin)
                                                  build/obj/vectors.o (symbol from plugin)
SysTick_Handler                                   /tmp/cct2mvh4.ltrans4.ltrans.o
                                                  build/obj/vectors.o (symbol from plugin)
                                                  /tmp/cct2mvh4.ltrans2.ltrans.o
SystemCoreClock                                   build/obj/hal_lld.o (symbol from plugin)
TestThread                                        build/obj/test.o (symbol from plugin)
                                                  build/obj/main.o (symbol from plugin)
UARTD1                                            /tmp/cct2mvh4.ltrans1.ltrans.o
                                                  build/obj/uart_lld.o (symbol from plugin)
                                                  /tmp/cct2mvh4.ltrans2.ltrans.o
UsageFault_Handler                                /tmp/cct2mvh4.ltrans4.ltrans.o
                                                  build/obj/vectors.o (symbol from plugin)
                                                  /tmp/cct2mvh4.ltrans2.ltrans.o
Vector100                                         /tmp/cct2mvh4.ltrans4.ltrans.o
                                                  build/obj/vectors.o (symbol from plugin)
                                                  /tmp/cct2mvh4.ltrans2.ltrans.o
Vector104                                         /tmp/cct2mvh4.ltrans4.ltrans.o
                                                  build/obj/vectors.o (symbol from plugin)
                                                  /tmp/cct2mvh4.ltrans2.ltrans.o
Vector108                                         /tmp/cct2mvh4.ltrans4.ltrans.o
                                                  build/obj/vectors.o (symbol from plugin)
                                                  /tmp/cct2mvh4.ltrans2.ltrans.o
Vector10C                                         /tmp/cct2mvh4.ltrans4.ltrans.o
                                                  build/obj/vectors.o (symbol from plugin)
                                                  /tmp/cct2mvh4.ltrans2.ltrans.o
Vector110                                         /tmp/cct2mvh4.ltrans4.ltrans.o
                                                  build/obj/vectors.o (symbol from plugin)
                                                  /tmp/cct2mvh4.ltrans2.ltrans.o
Vector114                                         /tmp/cct2mvh4.ltrans4.ltrans.o
                                                  build/obj/vectors.o (symbol from plugin)
                                                  /tmp/cct2mvh4.ltrans2.ltrans.o
Vector118                                         /tmp/cct2mvh4.ltrans4.ltrans.o
                                                  build/obj/vectors.o (symbol from plugin)
                                                  /tmp/cct2mvh4.ltrans2.ltrans.o
Vector11C                                         /tmp/cct2mvh4.ltrans4.ltrans.o
                                                  build/obj/vectors.o (symbol from plugin)
                                                  /tmp/cct2mvh4.ltrans2.ltrans.o
Vector120                                         /tmp/cct2mvh4.ltrans4.ltrans.o
                                                  build/obj/vectors.o (symbol from plugin)
                                                  /tmp/cct2mvh4.ltrans2.ltrans.o
Vector124                                         /tmp/cct2mvh4.ltrans4.ltrans.o
                                                  build/obj/vectors.o (symbol from plugin)
                                                  /tmp/cct2mvh4.ltrans2.ltrans.o
Vector128                                         /tmp/cct2mvh4.ltrans4.ltrans.o
                                                  build/obj/vectors.o (symbol from plugin)
                                                  /tmp/cct2mvh4.ltrans2.ltrans.o
Vector12C                                         /tmp/cct2mvh4.ltrans4.ltrans.o
                                                  build/obj/vectors.o (symbol from plugin)
                                                  /tmp/cct2mvh4.ltrans2.ltrans.o
Vector130                                         /tmp/cct2mvh4.ltrans4.ltrans.o
                                                  build/obj/vectors.o (symbol from plugin)
                                                  /tmp/cct2mvh4.ltrans2.ltrans.o
Vector134                                         /tmp/cct2mvh4.ltrans4.ltrans.o
                                                  build/obj/vectors.o (symbol from plugin)
                                                  /tmp/cct2mvh4.ltrans2.ltrans.o
Vector138                                         /tmp/cct2mvh4.ltrans4.ltrans.o
                                                  build/obj/vectors.o (symbol from plugin)
                                                  /tmp/cct2mvh4.ltrans2.ltrans.o
Vector13C                                         /tmp/cct2mvh4.ltrans4.ltrans.o
                                                  build/obj/vectors.o (symbol from plugin)
                                                  /tmp/cct2mvh4.ltrans2.ltrans.o
Vector140                                         /tmp/cct2mvh4.ltrans4.ltrans.o
                                                  build/obj/vectors.o (symbol from plugin)
                                                  /tmp/cct2mvh4.ltrans2.ltrans.o
Vector144                                         /tmp/cct2mvh4.ltrans4.ltrans.o
                                                  build/obj/vectors.o (symbol from plugin)
                                                  /tmp/cct2mvh4.ltrans2.ltrans.o
Vector148                                         /tmp/cct2mvh4.ltrans4.ltrans.o
                                                  build/obj/vectors.o (symbol from plugin)
                                                  /tmp/cct2mvh4.ltrans2.ltrans.o
Vector14C                                         /tmp/cct2mvh4.ltrans4.ltrans.o
                                                  build/obj/vectors.o (symbol from plugin)
                                                  /tmp/cct2mvh4.ltrans2.ltrans.o
Vector150                                         /tmp/cct2mvh4.ltrans4.ltrans.o
                                                  build/obj/vectors.o (symbol from plugin)
                                                  /tmp/cct2mvh4.ltrans2.ltrans.o
Vector154                                         /tmp/cct2mvh4.ltrans4.ltrans.o
                                                  build/obj/vectors.o (symbol from plugin)
                                                  /tmp/cct2mvh4.ltrans2.ltrans.o
Vector158                                         /tmp/cct2mvh4.ltrans4.ltrans.o
                                                  build/obj/vectors.o (symbol from plugin)
                                                  /tmp/cct2mvh4.ltrans2.ltrans.o
Vector15C                                         /tmp/cct2mvh4.ltrans4.ltrans.o
                                                  build/obj/vectors.o (symbol from plugin)
                                                  /tmp/cct2mvh4.ltrans2.ltrans.o
Vector1C                                          /tmp/cct2mvh4.ltrans4.ltrans.o
                                                  build/obj/vectors.o (symbol from plugin)
                                                  /tmp/cct2mvh4.ltrans2.ltrans.o
Vector20                                          /tmp/cct2mvh4.ltrans4.ltrans.o
                                                  build/obj/vectors.o (symbol from plugin)
                                                  /tmp/cct2mvh4.ltrans2.ltrans.o
Vector24                                          /tmp/cct2mvh4.ltrans4.ltrans.o
                                                  build/obj/vectors.o (symbol from plugin)
                                                  /tmp/cct2mvh4.ltrans2.ltrans.o
Vector28                                          /tmp/cct2mvh4.ltrans4.ltrans.o
                                                  build/obj/vectors.o (symbol from plugin)
                                                  /tmp/cct2mvh4.ltrans2.ltrans.o
Vector34                                          /tmp/cct2mvh4.ltrans4.ltrans.o
                                                  build/obj/vectors.o (symbol from plugin)
                                                  /tmp/cct2mvh4.ltrans2.ltrans.o
Vector40                                          /tmp/cct2mvh4.ltrans4.ltrans.o
                                                  build/obj/vectors.o (symbol from plugin)
                                                  /tmp/cct2mvh4.ltrans2.ltrans.o
Vector44                                          /tmp/cct2mvh4.ltrans4.ltrans.o
                                                  build/obj/vectors.o (symbol from plugin)
                                                  /tmp/cct2mvh4.ltrans2.ltrans.o
Vector48                                          /tmp/cct2mvh4.ltrans4.ltrans.o
                                                  build/obj/vectors.o (symbol from plugin)
                                                  /tmp/cct2mvh4.ltrans2.ltrans.o
Vector4C                                          /tmp/cct2mvh4.ltrans4.ltrans.o
                                                  build/obj/vectors.o (symbol from plugin)
                                                  /tmp/cct2mvh4.ltrans2.ltrans.o
Vector50                                          /tmp/cct2mvh4.ltrans4.ltrans.o
                                                  build/obj/vectors.o (symbol from plugin)
                                                  /tmp/cct2mvh4.ltrans2.ltrans.o
Vector54                                          /tmp/cct2mvh4.ltrans4.ltrans.o
                                                  build/obj/vectors.o (symbol from plugin)
                                                  /tmp/cct2mvh4.ltrans2.ltrans.o
Vector58                                          /tmp/cct2mvh4.ltrans4.ltrans.o
                                                  build/obj/vectors.o (symbol from plugin)
                                                  /tmp/cct2mvh4.ltrans2.ltrans.o
Vector5C                                          /tmp/cct2mvh4.ltrans4.ltrans.o
                                                  build/obj/vectors.o (symbol from plugin)
                                                  /tmp/cct2mvh4.ltrans2.ltrans.o
Vector60                                          /tmp/cct2mvh4.ltrans4.ltrans.o